../Drivers/STM32F2xx_HAL_Driver/Src/stm32f2xx_hal_spi.c:310:19:HAL_SPI_Init	16	static
../Drivers/STM32F2xx_HAL_Driver/Src/stm32f2xx_hal_spi.c:436:19:HAL_SPI_DeInit	16	static
../Drivers/STM32F2xx_HAL_Driver/Src/stm32f2xx_hal_spi.c:480:13:HAL_SPI_MspInit	16	static
../Drivers/STM32F2xx_HAL_Driver/Src/stm32f2xx_hal_spi.c:496:13:HAL_SPI_MspDeInit	16	static
../Drivers/STM32F2xx_HAL_Driver/Src/stm32f2xx_hal_spi.c:768:19:HAL_SPI_Transmit	40	static
../Drivers/STM32F2xx_HAL_Driver/Src/stm32f2xx_hal_spi.c:938:19:HAL_SPI_Receive	40	static
../Drivers/STM32F2xx_HAL_Driver/Src/stm32f2xx_hal_spi.c:1141:19:HAL_SPI_TransmitReceive	56	static
../Drivers/STM32F2xx_HAL_Driver/Src/stm32f2xx_hal_spi.c:1375:19:HAL_SPI_Transmit_IT	32	static
../Drivers/STM32F2xx_HAL_Driver/Src/stm32f2xx_hal_spi.c:1460:19:HAL_SPI_Receive_IT	32	static
../Drivers/STM32F2xx_HAL_Driver/Src/stm32f2xx_hal_spi.c:1555:19:HAL_SPI_TransmitReceive_IT	32	static
../Drivers/STM32F2xx_HAL_Driver/Src/stm32f2xx_hal_spi.c:1643:19:HAL_SPI_Transmit_DMA	32	static
../Drivers/STM32F2xx_HAL_Driver/Src/stm32f2xx_hal_spi.c:1750:19:HAL_SPI_Receive_DMA	32	static
../Drivers/STM32F2xx_HAL_Driver/Src/stm32f2xx_hal_spi.c:1864:19:HAL_SPI_TransmitReceive_DMA	32	static
../Drivers/STM32F2xx_HAL_Driver/Src/stm32f2xx_hal_spi.c:2008:19:HAL_SPI_Abort	40	static
../Drivers/STM32F2xx_HAL_Driver/Src/stm32f2xx_hal_spi.c:2153:19:HAL_SPI_Abort_IT	40	static
../Drivers/STM32F2xx_HAL_Driver/Src/stm32f2xx_hal_spi.c:2314:19:HAL_SPI_DMAPause	16	static
../Drivers/STM32F2xx_HAL_Driver/Src/stm32f2xx_hal_spi.c:2334:19:HAL_SPI_DMAResume	16	static
../Drivers/STM32F2xx_HAL_Driver/Src/stm32f2xx_hal_spi.c:2354:19:HAL_SPI_DMAStop	24	static
../Drivers/STM32F2xx_HAL_Driver/Src/stm32f2xx_hal_spi.c:2394:6:HAL_SPI_IRQHandler	40	static
../Drivers/STM32F2xx_HAL_Driver/Src/stm32f2xx_hal_spi.c:2501:13:HAL_SPI_TxCpltCallback	16	static
../Drivers/STM32F2xx_HAL_Driver/Src/stm32f2xx_hal_spi.c:2517:13:HAL_SPI_RxCpltCallback	16	static
../Drivers/STM32F2xx_HAL_Driver/Src/stm32f2xx_hal_spi.c:2533:13:HAL_SPI_TxRxCpltCallback	16	static
../Drivers/STM32F2xx_HAL_Driver/Src/stm32f2xx_hal_spi.c:2549:13:HAL_SPI_TxHalfCpltCallback	16	static
../Drivers/STM32F2xx_HAL_Driver/Src/stm32f2xx_hal_spi.c:2565:13:HAL_SPI_RxHalfCpltCallback	16	static
../Drivers/STM32F2xx_HAL_Driver/Src/stm32f2xx_hal_spi.c:2581:13:HAL_SPI_TxRxHalfCpltCallback	16	static
../Drivers/STM32F2xx_HAL_Driver/Src/stm32f2xx_hal_spi.c:2597:13:HAL_SPI_ErrorCallback	16	static
../Drivers/STM32F2xx_HAL_Driver/Src/stm32f2xx_hal_spi.c:2615:13:HAL_SPI_AbortCpltCallback	16	static
../Drivers/STM32F2xx_HAL_Driver/Src/stm32f2xx_hal_spi.c:2650:22:HAL_SPI_GetState	16	static
../Drivers/STM32F2xx_HAL_Driver/Src/stm32f2xx_hal_spi.c:2662:10:HAL_SPI_GetError	16	static
../Drivers/STM32F2xx_HAL_Driver/Src/stm32f2xx_hal_spi.c:2687:13:SPI_DMATransmitCplt	32	static
../Drivers/STM32F2xx_HAL_Driver/Src/stm32f2xx_hal_spi.c:2744:13:SPI_DMAReceiveCplt	24	static
../Drivers/STM32F2xx_HAL_Driver/Src/stm32f2xx_hal_spi.c:2833:13:SPI_DMATransmitReceiveCplt	24	static
../Drivers/STM32F2xx_HAL_Driver/Src/stm32f2xx_hal_spi.c:2913:13:SPI_DMAHalfTransmitCplt	24	static
../Drivers/STM32F2xx_HAL_Driver/Src/stm32f2xx_hal_spi.c:2931:13:SPI_DMAHalfReceiveCplt	24	static
../Drivers/STM32F2xx_HAL_Driver/Src/stm32f2xx_hal_spi.c:2949:13:SPI_DMAHalfTransmitReceiveCplt	24	static
../Drivers/STM32F2xx_HAL_Driver/Src/stm32f2xx_hal_spi.c:2967:13:SPI_DMAError	24	static
../Drivers/STM32F2xx_HAL_Driver/Src/stm32f2xx_hal_spi.c:2990:13:SPI_DMAAbortOnError	24	static
../Drivers/STM32F2xx_HAL_Driver/Src/stm32f2xx_hal_spi.c:3012:13:SPI_DMATxAbortCallback	32	static
../Drivers/STM32F2xx_HAL_Driver/Src/stm32f2xx_hal_spi.c:3077:13:SPI_DMARxAbortCallback	32	static
../Drivers/STM32F2xx_HAL_Driver/Src/stm32f2xx_hal_spi.c:3136:13:SPI_2linesRxISR_8BIT	16	static
../Drivers/STM32F2xx_HAL_Driver/Src/stm32f2xx_hal_spi.c:3199:13:SPI_2linesTxISR_8BIT	16	static
../Drivers/STM32F2xx_HAL_Driver/Src/stm32f2xx_hal_spi.c:3235:13:SPI_2linesRxISR_16BIT	16	static
../Drivers/STM32F2xx_HAL_Driver/Src/stm32f2xx_hal_spi.c:3291:13:SPI_2linesTxISR_16BIT	16	static
../Drivers/STM32F2xx_HAL_Driver/Src/stm32f2xx_hal_spi.c:3351:13:SPI_RxISR_8BIT	16	static
../Drivers/STM32F2xx_HAL_Driver/Src/stm32f2xx_hal_spi.c:3407:13:SPI_RxISR_16BIT	16	static
../Drivers/STM32F2xx_HAL_Driver/Src/stm32f2xx_hal_spi.c:3440:13:SPI_TxISR_8BIT	16	static
../Drivers/STM32F2xx_HAL_Driver/Src/stm32f2xx_hal_spi.c:3465:13:SPI_TxISR_16BIT	16	static
../Drivers/STM32F2xx_HAL_Driver/Src/stm32f2xx_hal_spi.c:3495:26:SPI_WaitFlagStateUntilTimeout	40	static
../Drivers/STM32F2xx_HAL_Driver/Src/stm32f2xx_hal_spi.c:3562:26:SPI_EndRxTransaction	32	static
../Drivers/STM32F2xx_HAL_Driver/Src/stm32f2xx_hal_spi.c:3587:26:SPI_EndRxTxTransaction	32	static
../Drivers/STM32F2xx_HAL_Driver/Src/stm32f2xx_hal_spi.c:3604:13:SPI_CloseRxTx_ISR	32	static
../Drivers/STM32F2xx_HAL_Driver/Src/stm32f2xx_hal_spi.c:3699:13:SPI_CloseRx_ISR	24	static
../Drivers/STM32F2xx_HAL_Driver/Src/stm32f2xx_hal_spi.c:3762:13:SPI_CloseTx_ISR	32	static
../Drivers/STM32F2xx_HAL_Driver/Src/stm32f2xx_hal_spi.c:3823:13:SPI_AbortRx_ISR	24	static
../Drivers/STM32F2xx_HAL_Driver/Src/stm32f2xx_hal_spi.c:3859:13:SPI_AbortTx_ISR	16	static
