../Drivers/CMSIS/Include/core_cm3.h:1876:26:ITM_SendChar	16	static,ignoring_inline_asm
../Core/Src/main.c:101:6:allRelaysOpen	8	static
../Core/Src/main.c:111:6:allDigitalRead	8	static
../Core/Src/main.c:117:6:allAuxDigitalRead	8	static
../Core/Src/main.c:123:5:Reading_Pin	24	static
../Core/Src/main.c:156:5:main	8	static
../Core/Src/main.c:205:6:SystemClock_Config	80	static
../Core/Src/main.c:247:13:MX_ADC1_Init	24	static
../Core/Src/main.c:299:13:MX_CAN1_Init	8	static
../Core/Src/main.c:336:13:MX_SPI1_Init	8	static
../Core/Src/main.c:374:13:MX_GPIO_Init	40	static
../Core/Src/main.c:433:5:_write	32	static
../Core/Src/main.c:450:6:Error_Handler	4	static,ignoring_inline_asm
