../Drivers/CMSIS/Include/core_cm3.h:1876:26:ITM_SendChar	16	static,ignoring_inline_asm
../Core/Src/main.c:132:6:allRelaysOpen	8	static
../Core/Src/main.c:146:6:allDigitalRead	8	static
../Core/Src/main.c:152:6:allAuxDigitalRead	8	static
../Core/Src/main.c:158:5:Reading_Pin	24	static
../Core/Src/main.c:191:5:main	8	static
../Core/Src/main.c:254:6:SystemClock_Config	80	static
../Core/Src/main.c:296:13:MX_ADC1_Init	24	static
../Core/Src/main.c:348:13:MX_CAN1_Init	8	static
../Core/Src/main.c:385:13:MX_SPI1_Init	8	static
../Core/Src/main.c:423:13:MX_TIM2_Init	32	static
../Core/Src/main.c:468:13:MX_TIM3_Init	32	static
../Core/Src/main.c:513:13:MX_GPIO_Init	40	static
../Core/Src/main.c:572:5:_write	32	static
../Core/Src/main.c:583:6:HAL_TIM_PeriodElapsedCallback	16	static
../Core/Src/main.c:677:20:check_high	24	static
../Core/Src/main.c:687:20:check_low	24	static
../Core/Src/main.c:699:6:set_precharge	32	static
../Core/Src/main.c:736:6:while_operation	8	static
../Core/Src/main.c:754:6:set_discharge	8	static
../Core/Src/main.c:767:6:set_charging	8	static
../Core/Src/main.c:778:7:Read_ADC_Voltage	16	static
../Core/Src/main.c:798:6:Error_Handler	8	static,ignoring_inline_asm
