Archive member included to satisfy reference by file (symbol)

C:/ST/STM32CubeIDE_1.13.2/STM32CubeIDE/plugins/com.st.stm32cube.ide.mcu.externaltools.gnu-tools-for-stm32.12.3.rel1.win32_1.0.100.202403111256/tools/bin/../lib/gcc/arm-none-eabi/12.3.1/../../../../arm-none-eabi/lib/thumb/v7-m/nofp\libc_nano.a(libc_a-exit.o)
                              C:/ST/STM32CubeIDE_1.13.2/STM32CubeIDE/plugins/com.st.stm32cube.ide.mcu.externaltools.gnu-tools-for-stm32.12.3.rel1.win32_1.0.100.202403111256/tools/bin/../lib/gcc/arm-none-eabi/12.3.1/../../../../arm-none-eabi/lib/thumb/v7-m/nofp/crt0.o (exit)
C:/ST/STM32CubeIDE_1.13.2/STM32CubeIDE/plugins/com.st.stm32cube.ide.mcu.externaltools.gnu-tools-for-stm32.12.3.rel1.win32_1.0.100.202403111256/tools/bin/../lib/gcc/arm-none-eabi/12.3.1/../../../../arm-none-eabi/lib/thumb/v7-m/nofp\libc_nano.a(libc_a-findfp.o)
                              C:/ST/STM32CubeIDE_1.13.2/STM32CubeIDE/plugins/com.st.stm32cube.ide.mcu.externaltools.gnu-tools-for-stm32.12.3.rel1.win32_1.0.100.202403111256/tools/bin/../lib/gcc/arm-none-eabi/12.3.1/../../../../arm-none-eabi/lib/thumb/v7-m/nofp\libc_nano.a(libc_a-exit.o) (__stdio_exit_handler)
C:/ST/STM32CubeIDE_1.13.2/STM32CubeIDE/plugins/com.st.stm32cube.ide.mcu.externaltools.gnu-tools-for-stm32.12.3.rel1.win32_1.0.100.202403111256/tools/bin/../lib/gcc/arm-none-eabi/12.3.1/../../../../arm-none-eabi/lib/thumb/v7-m/nofp\libc_nano.a(libc_a-fwalk.o)
                              C:/ST/STM32CubeIDE_1.13.2/STM32CubeIDE/plugins/com.st.stm32cube.ide.mcu.externaltools.gnu-tools-for-stm32.12.3.rel1.win32_1.0.100.202403111256/tools/bin/../lib/gcc/arm-none-eabi/12.3.1/../../../../arm-none-eabi/lib/thumb/v7-m/nofp\libc_nano.a(libc_a-findfp.o) (_fwalk_sglue)
C:/ST/STM32CubeIDE_1.13.2/STM32CubeIDE/plugins/com.st.stm32cube.ide.mcu.externaltools.gnu-tools-for-stm32.12.3.rel1.win32_1.0.100.202403111256/tools/bin/../lib/gcc/arm-none-eabi/12.3.1/../../../../arm-none-eabi/lib/thumb/v7-m/nofp\libc_nano.a(libc_a-puts.o)
                              ./Core/Src/main.o (puts)
C:/ST/STM32CubeIDE_1.13.2/STM32CubeIDE/plugins/com.st.stm32cube.ide.mcu.externaltools.gnu-tools-for-stm32.12.3.rel1.win32_1.0.100.202403111256/tools/bin/../lib/gcc/arm-none-eabi/12.3.1/../../../../arm-none-eabi/lib/thumb/v7-m/nofp\libc_nano.a(libc_a-stdio.o)
                              C:/ST/STM32CubeIDE_1.13.2/STM32CubeIDE/plugins/com.st.stm32cube.ide.mcu.externaltools.gnu-tools-for-stm32.12.3.rel1.win32_1.0.100.202403111256/tools/bin/../lib/gcc/arm-none-eabi/12.3.1/../../../../arm-none-eabi/lib/thumb/v7-m/nofp\libc_nano.a(libc_a-findfp.o) (__sread)
C:/ST/STM32CubeIDE_1.13.2/STM32CubeIDE/plugins/com.st.stm32cube.ide.mcu.externaltools.gnu-tools-for-stm32.12.3.rel1.win32_1.0.100.202403111256/tools/bin/../lib/gcc/arm-none-eabi/12.3.1/../../../../arm-none-eabi/lib/thumb/v7-m/nofp\libc_nano.a(libc_a-wbuf.o)
                              C:/ST/STM32CubeIDE_1.13.2/STM32CubeIDE/plugins/com.st.stm32cube.ide.mcu.externaltools.gnu-tools-for-stm32.12.3.rel1.win32_1.0.100.202403111256/tools/bin/../lib/gcc/arm-none-eabi/12.3.1/../../../../arm-none-eabi/lib/thumb/v7-m/nofp\libc_nano.a(libc_a-puts.o) (__swbuf_r)
C:/ST/STM32CubeIDE_1.13.2/STM32CubeIDE/plugins/com.st.stm32cube.ide.mcu.externaltools.gnu-tools-for-stm32.12.3.rel1.win32_1.0.100.202403111256/tools/bin/../lib/gcc/arm-none-eabi/12.3.1/../../../../arm-none-eabi/lib/thumb/v7-m/nofp\libc_nano.a(libc_a-wsetup.o)
                              C:/ST/STM32CubeIDE_1.13.2/STM32CubeIDE/plugins/com.st.stm32cube.ide.mcu.externaltools.gnu-tools-for-stm32.12.3.rel1.win32_1.0.100.202403111256/tools/bin/../lib/gcc/arm-none-eabi/12.3.1/../../../../arm-none-eabi/lib/thumb/v7-m/nofp\libc_nano.a(libc_a-puts.o) (__swsetup_r)
C:/ST/STM32CubeIDE_1.13.2/STM32CubeIDE/plugins/com.st.stm32cube.ide.mcu.externaltools.gnu-tools-for-stm32.12.3.rel1.win32_1.0.100.202403111256/tools/bin/../lib/gcc/arm-none-eabi/12.3.1/../../../../arm-none-eabi/lib/thumb/v7-m/nofp\libc_nano.a(libc_a-memset.o)
                              C:/ST/STM32CubeIDE_1.13.2/STM32CubeIDE/plugins/com.st.stm32cube.ide.mcu.externaltools.gnu-tools-for-stm32.12.3.rel1.win32_1.0.100.202403111256/tools/bin/../lib/gcc/arm-none-eabi/12.3.1/../../../../arm-none-eabi/lib/thumb/v7-m/nofp/crt0.o (memset)
C:/ST/STM32CubeIDE_1.13.2/STM32CubeIDE/plugins/com.st.stm32cube.ide.mcu.externaltools.gnu-tools-for-stm32.12.3.rel1.win32_1.0.100.202403111256/tools/bin/../lib/gcc/arm-none-eabi/12.3.1/../../../../arm-none-eabi/lib/thumb/v7-m/nofp\libc_nano.a(libc_a-closer.o)
                              C:/ST/STM32CubeIDE_1.13.2/STM32CubeIDE/plugins/com.st.stm32cube.ide.mcu.externaltools.gnu-tools-for-stm32.12.3.rel1.win32_1.0.100.202403111256/tools/bin/../lib/gcc/arm-none-eabi/12.3.1/../../../../arm-none-eabi/lib/thumb/v7-m/nofp\libc_nano.a(libc_a-stdio.o) (_close_r)
[...]
Memory Configuration

Name             Origin             Length             Attributes
RAM              0x20000000         0x0000c000         xrw
RAM2             0x2001c000         0x00004000         xrw
FLASH            0x08000000         0x00020000         xr
*default*        0x00000000         0xffffffff

Linker script and memory map

LOAD C:/ST/STM32CubeIDE_1.13.2/STM32CubeIDE/plugins/com.st.stm32cube.ide.mcu.externaltools.gnu-tools-for-stm32.12.3.rel1.win32_1.0.100.202403111256/tools/bin/../lib/gcc/arm-none-eabi/12.3.1/thumb/v7-m/nofp/crti.o
LOAD C:/ST/STM32CubeIDE_1.13.2/STM32CubeIDE/plugins/com.st.stm32cube.ide.mcu.externaltools.gnu-tools-for-stm32.12.3.rel1.win32_1.0.100.202403111256/tools/bin/../lib/gcc/arm-none-eabi/12.3.1/thumb/v7-m/nofp/crtbegin.o
LOAD C:/ST/STM32CubeIDE_1.13.2/STM32CubeIDE/plugins/com.st.stm32cube.ide.mcu.externaltools.gnu-tools-for-stm32.12.3.rel1.win32_1.0.100.202403111256/tools/bin/../lib/gcc/arm-none-eabi/12.3.1/../../../../arm-none-eabi/lib/thumb/v7-m/nofp/crt0.o
LOAD ./Core/Src/main.o
LOAD ./Core/Src/stm32f2xx_hal_msp.o
LOAD ./Core/Src/stm32f2xx_it.o
LOAD ./Core/Src/syscalls.o
LOAD ./Core/Src/sysmem.o
LOAD ./Core/Src/system_stm32f2xx.o
LOAD ./Core/Startup/startup_stm32f205rbtx.o
LOAD ./Drivers/STM32F2xx_HAL_Driver/Src/stm32f2xx_hal.o
LOAD ./Drivers/STM32F2xx_HAL_Driver/Src/stm32f2xx_hal_adc.o
LOAD ./Drivers/STM32F2xx_HAL_Driver/Src/stm32f2xx_hal_adc_ex.o
LOAD ./Drivers/STM32F2xx_HAL_Driver/Src/stm32f2xx_hal_can.o
LOAD ./Drivers/STM32F2xx_HAL_Driver/Src/stm32f2xx_hal_cortex.o
LOAD ./Drivers/STM32F2xx_HAL_Driver/Src/stm32f2xx_hal_dma.o
LOAD ./Drivers/STM32F2xx_HAL_Driver/Src/stm32f2xx_hal_dma_ex.o
LOAD ./Drivers/STM32F2xx_HAL_Driver/Src/stm32f2xx_hal_exti.o
LOAD ./Drivers/STM32F2xx_HAL_Driver/Src/stm32f2xx_hal_flash.o
LOAD ./Drivers/STM32F2xx_HAL_Driver/Src/stm32f2xx_hal_flash_ex.o
LOAD ./Drivers/STM32F2xx_HAL_Driver/Src/stm32f2xx_hal_gpio.o
LOAD ./Drivers/STM32F2xx_HAL_Driver/Src/stm32f2xx_hal_pwr.o
LOAD ./Drivers/STM32F2xx_HAL_Driver/Src/stm32f2xx_hal_pwr_ex.o
LOAD ./Drivers/STM32F2xx_HAL_Driver/Src/stm32f2xx_hal_rcc.o
LOAD ./Drivers/STM32F2xx_HAL_Driver/Src/stm32f2xx_hal_rcc_ex.o
LOAD ./Drivers/STM32F2xx_HAL_Driver/Src/stm32f2xx_hal_spi.o
LOAD ./Drivers/STM32F2xx_HAL_Driver/Src/stm32f2xx_hal_tim.o
LOAD ./Drivers/STM32F2xx_HAL_Driver/Src/stm32f2xx_hal_tim_ex.o
START GROUP
LOAD C:/ST/STM32CubeIDE_1.13.2/STM32CubeIDE/plugins/com.st.stm32cube.ide.mcu.externaltools.gnu-tools-for-stm32.12.3.rel1.win32_1.0.100.202403111256/tools/bin/../lib/gcc/arm-none-eabi/12.3.1/../../../../arm-none-eabi/lib/thumb/v7-m/nofp\libc_nano.a
LOAD C:/ST/STM32CubeIDE_1.13.2/STM32CubeIDE/plugins/com.st.stm32cube.ide.mcu.externaltools.gnu-tools-for-stm32.12.3.rel1.win32_1.0.100.202403111256/tools/bin/../lib/gcc/arm-none-eabi/12.3.1/../../../../arm-none-eabi/lib/thumb/v7-m/nofp\libm.a
END GROUP
START GROUP
LOAD C:/ST/STM32CubeIDE_1.13.2/STM32CubeIDE/plugins/com.st.stm32cube.ide.mcu.externaltools.gnu-tools-for-stm32.12.3.rel1.win32_1.0.100.202403111256/tools/bin/../lib/gcc/arm-none-eabi/12.3.1/thumb/v7-m/nofp\libgcc.a
LOAD C:/ST/STM32CubeIDE_1.13.2/STM32CubeIDE/plugins/com.st.stm32cube.ide.mcu.externaltools.gnu-tools-for-stm32.12.3.rel1.win32_1.0.100.202403111256/tools/bin/../lib/gcc/arm-none-eabi/12.3.1/../../../../arm-none-eabi/lib/thumb/v7-m/nofp\libc_nano.a
END GROUP
START GROUP
LOAD C:/ST/STM32CubeIDE_1.13.2/STM32CubeIDE/plugins/com.st.stm32cube.ide.mcu.externaltools.gnu-tools-for-stm32.12.3.rel1.win32_1.0.100.202403111256/tools/bin/../lib/gcc/arm-none-eabi/12.3.1/thumb/v7-m/nofp\libgcc.a
LOAD C:/ST/STM32CubeIDE_1.13.2/STM32CubeIDE/plugins/com.st.stm32cube.ide.mcu.externaltools.gnu-tools-for-stm32.12.3.rel1.win32_1.0.100.202403111256/tools/bin/../lib/gcc/arm-none-eabi/12.3.1/../../../../arm-none-eabi/lib/thumb/v7-m/nofp\libc_nano.a
LOAD C:/ST/STM32CubeIDE_1.13.2/STM32CubeIDE/plugins/com.st.stm32cube.ide.mcu.externaltools.gnu-tools-for-stm32.12.3.rel1.win32_1.0.100.202403111256/tools/bin/../lib/gcc/arm-none-eabi/12.3.1/../../../../arm-none-eabi/lib/thumb/v7-m/nofp\libnosys.a
END GROUP
START GROUP
LOAD C:/ST/STM32CubeIDE_1.13.2/STM32CubeIDE/plugins/com.st.stm32cube.ide.mcu.externaltools.gnu-tools-for-stm32.12.3.rel1.win32_1.0.100.202403111256/tools/bin/../lib/gcc/arm-none-eabi/12.3.1/thumb/v7-m/nofp\libgcc.a
LOAD C:/ST/STM32CubeIDE_1.13.2/STM32CubeIDE/plugins/com.st.stm32cube.ide.mcu.externaltools.gnu-tools-for-stm32.12.3.rel1.win32_1.0.100.202403111256/tools/bin/../lib/gcc/arm-none-eabi/12.3.1/../../../../arm-none-eabi/lib/thumb/v7-m/nofp\libc_nano.a
LOAD C:/ST/STM32CubeIDE_1.13.2/STM32CubeIDE/plugins/com.st.stm32cube.ide.mcu.externaltools.gnu-tools-for-stm32.12.3.rel1.win32_1.0.100.202403111256/tools/bin/../lib/gcc/arm-none-eabi/12.3.1/../../../../arm-none-eabi/lib/thumb/v7-m/nofp\libnosys.a
END GROUP
LOAD C:/ST/STM32CubeIDE_1.13.2/STM32CubeIDE/plugins/com.st.stm32cube.ide.mcu.externaltools.gnu-tools-for-stm32.12.3.rel1.win32_1.0.100.202403111256/tools/bin/../lib/gcc/arm-none-eabi/12.3.1/thumb/v7-m/nofp/crtend.o
LOAD C:/ST/STM32CubeIDE_1.13.2/STM32CubeIDE/plugins/com.st.stm32cube.ide.mcu.externaltools.gnu-tools-for-stm32.12.3.rel1.win32_1.0.100.202403111256/tools/bin/../lib/gcc/arm-none-eabi/12.3.1/thumb/v7-m/nofp/crtn.o
                0x2000c000                        _estack = (ORIGIN (RAM) + LENGTH (RAM))
                0x00000200                        _Min_Heap_Size = 0x200
                0x00000400                        _Min_Stack_Size = 0x400

.isr_vector     0x08000000      0x184
                0x08000000                        . = ALIGN (0x4)
 *(.isr_vector)
 .isr_vector    0x08000000      0x184 ./Core/Startup/startup_stm32f205rbtx.o
                0x08000000                g_pfnVectors
                0x08000184                        . = ALIGN (0x4)

.text           0x08000188     0x4780
                0x08000188                        . = ALIGN (0x4)
 *(.text)
 .text          0x08000188       0x40 C:/ST/STM32CubeIDE_1.13.2/STM32CubeIDE/plugins/com.st.stm32cube.ide.mcu.externaltools.gnu-tools-for-stm32.12.3.rel1.win32_1.0.100.202403111256/tools/bin/../lib/gcc/arm-none-eabi/12.3.1/thumb/v7-m/nofp/crtbegin.o
 .text          0x080001c8      0x378 C:/ST/STM32CubeIDE_1.13.2/STM32CubeIDE/plugins/com.st.stm32cube.ide.mcu.externaltools.gnu-tools-for-stm32.12.3.rel1.win32_1.0.100.202403111256/tools/bin/../lib/gcc/arm-none-eabi/12.3.1/thumb/v7-m/nofp\libgcc.a(_arm_addsubdf3.o)
                0x080001c8                __aeabi_drsub
                0x080001d0                __aeabi_dsub
                0x080001d0                __subdf3
                0x080001d4                __aeabi_dadd
                0x080001d4                __adddf3
                0x0800044c                __floatunsidf
                0x0800044c                __aeabi_ui2d
                0x0800046c                __floatsidf
                0x0800046c                __aeabi_i2d
                0x08000490                __aeabi_f2d
                0x08000490                __extendsfdf2
                0x080004d4                __floatundidf
                0x080004d4                __aeabi_ul2d
                0x080004e4                __floatdidf
                0x080004e4                __aeabi_l2d
 .text          0x08000540      0x424 C:/ST/STM32CubeIDE_1.13.2/STM32CubeIDE/plugins/com.st.stm32cube.ide.mcu.externaltools.gnu-tools-for-stm32.12.3.rel1.win32_1.0.100.202403111256/tools/bin/../lib/gcc/arm-none-eabi/12.3.1/thumb/v7-m/nofp\libgcc.a(_arm_muldivdf3.o)
                0x08000540                __aeabi_dmul
                0x08000540                __muldf3
                0x08000794                __divdf3
                0x08000794                __aeabi_ddiv
 .text          0x08000964      0x110 C:/ST/STM32CubeIDE_1.13.2/STM32CubeIDE/plugins/com.st.stm32cube.ide.mcu.externaltools.gnu-tools-for-stm32.12.3.rel1.win32_1.0.100.202403111256/tools/bin/../lib/gcc/arm-none-eabi/12.3.1/thumb/v7-m/nofp\libgcc.a(_arm_cmpdf2.o)
                0x08000964                __gtdf2
                0x08000964                __gedf2
                0x0800096c                __ltdf2
                0x0800096c                __ledf2
                0x08000974                __nedf2
                0x08000974                __eqdf2
                0x08000974                __cmpdf2
                0x080009f0                __aeabi_cdrcmple
                0x08000a00                __aeabi_cdcmpeq
                0x08000a00                __aeabi_cdcmple
                0x08000a10                __aeabi_dcmpeq
                0x08000a24                __aeabi_dcmplt
                0x08000a38                __aeabi_dcmple
                0x08000a4c                __aeabi_dcmpge
                0x08000a60                __aeabi_dcmpgt
 .text          0x08000a74       0xa0 C:/ST/STM32CubeIDE_1.13.2/STM32CubeIDE/plugins/com.st.stm32cube.ide.mcu.externaltools.gnu-tools-for-stm32.12.3.rel1.win32_1.0.100.202403111256/tools/bin/../lib/gcc/arm-none-eabi/12.3.1/thumb/v7-m/nofp\libgcc.a(_arm_truncdfsf2.o)
                0x08000a74                __truncdfsf2
                0x08000a74                __aeabi_d2f
 .text          0x08000b14       0x30 C:/ST/STM32CubeIDE_1.13.2/STM32CubeIDE/plugins/com.st.stm32cube.ide.mcu.externaltools.gnu-tools-for-stm32.12.3.rel1.win32_1.0.100.202403111256/tools/bin/../lib/gcc/arm-none-eabi/12.3.1/thumb/v7-m/nofp\libgcc.a(_aeabi_uldivmod.o)
                0x08000b14                __aeabi_uldivmod
 .text          0x08000b44      0x2b8 C:/ST/STM32CubeIDE_1.13.2/STM32CubeIDE/plugins/com.st.stm32cube.ide.mcu.externaltools.gnu-tools-for-stm32.12.3.rel1.win32_1.0.100.202403111256/tools/bin/../lib/gcc/arm-none-eabi/12.3.1/thumb/v7-m/nofp\libgcc.a(_udivmoddi4.o)
                0x08000b44                __udivmoddi4
 .text          0x08000dfc        0x4 C:/ST/STM32CubeIDE_1.13.2/STM32CubeIDE/plugins/com.st.stm32cube.ide.mcu.externaltools.gnu-tools-for-stm32.12.3.rel1.win32_1.0.100.202403111256/tools/bin/../lib/gcc/arm-none-eabi/12.3.1/thumb/v7-m/nofp\libgcc.a(_dvmd_tls.o)
                0x08000dfc                __aeabi_idiv0
                0x08000dfc                __aeabi_ldiv0
 *(.text*)
 .text.ITM_SendChar
                0x08000e00       0x4c ./Core/Src/main.o
 .text.allRelaysOpen
                0x08000e4c       0x64 ./Core/Src/main.o
                0x08000e4c                allRelaysOpen
 .text.Reading_Pin
                0x08000eb0      0x108 ./Core/Src/main.o
                0x08000eb0                Reading_Pin
 .text.main     0x08000fb8       0x68 ./Core/Src/main.o
                0x08000fb8                main
 .text.SystemClock_Config
                0x08001020       0x8e ./Core/Src/main.o
                0x08001020                SystemClock_Config
 *fill*         0x080010ae        0x2 
 .text.MX_ADC1_Init
                0x080010b0       0xa4 ./Core/Src/main.o
 .text.MX_CAN1_Init
                0x08001154       0x68 ./Core/Src/main.o
 .text.MX_SPI1_Init
                0x080011bc       0x6c ./Core/Src/main.o
 .text.MX_TIM2_Init
                0x08001228       0x9c ./Core/Src/main.o
 .text.MX_TIM3_Init
                0x080012c4       0x9c ./Core/Src/main.o
 .text.MX_GPIO_Init
                0x08001360      0x120 ./Core/Src/main.o
 .text._write   0x08001480       0x38 ./Core/Src/main.o
                0x08001480                _write
 .text.HAL_TIM_PeriodElapsedCallback
                0x080014b8      0x204 ./Core/Src/main.o
                0x080014b8                HAL_TIM_PeriodElapsedCallback
 .text.check_high
                0x080016bc       0x42 ./Core/Src/main.o
 .text.check_low
                0x080016fe       0x42 ./Core/Src/main.o
 .text.set_precharge
                0x08001740       0xec ./Core/Src/main.o
                0x08001740                set_precharge
 .text.while_operation
                0x0800182c       0x60 ./Core/Src/main.o
                0x0800182c                while_operation
 .text.set_discharge
                0x0800188c       0x40 ./Core/Src/main.o
                0x0800188c                set_discharge
 .text.set_charging
                0x080018cc       0x34 ./Core/Src/main.o
                0x080018cc                set_charging
 .text.Read_ADC_Voltage
                0x08001900       0x78 ./Core/Src/main.o
                0x08001900                Read_ADC_Voltage
 .text.Error_Handler
                0x08001978       0x24 ./Core/Src/main.o
                0x08001978                Error_Handler
 .text.HAL_MspInit
                0x0800199c       0x4c ./Core/Src/stm32f2xx_hal_msp.o
                0x0800199c                HAL_MspInit
 .text.HAL_ADC_MspInit
                0x080019e8       0x88 ./Core/Src/stm32f2xx_hal_msp.o
                0x080019e8                HAL_ADC_MspInit
 .text.HAL_CAN_MspInit
                0x08001a70       0x90 ./Core/Src/stm32f2xx_hal_msp.o
                0x08001a70                HAL_CAN_MspInit
 .text.HAL_SPI_MspInit
                0x08001b00       0x90 ./Core/Src/stm32f2xx_hal_msp.o
                0x08001b00                HAL_SPI_MspInit
 .text.HAL_TIM_Base_MspInit
                0x08001b90       0x88 ./Core/Src/stm32f2xx_hal_msp.o
                0x08001b90                HAL_TIM_Base_MspInit
 .text.NMI_Handler
                0x08001c18        0x8 ./Core/Src/stm32f2xx_it.o
                0x08001c18                NMI_Handler
 .text.HardFault_Handler
                0x08001c20        0x8 ./Core/Src/stm32f2xx_it.o
                0x08001c20                HardFault_Handler
 .text.MemManage_Handler
                0x08001c28        0x8 ./Core/Src/stm32f2xx_it.o
                0x08001c28                MemManage_Handler
 .text.BusFault_Handler
                0x08001c30        0x8 ./Core/Src/stm32f2xx_it.o
                0x08001c30                BusFault_Handler
 .text.UsageFault_Handler
                0x08001c38        0x8 ./Core/Src/stm32f2xx_it.o
                0x08001c38                UsageFault_Handler
 .text.SVC_Handler
                0x08001c40        0xc ./Core/Src/stm32f2xx_it.o
                0x08001c40                SVC_Handler
 .text.DebugMon_Handler
                0x08001c4c        0xc ./Core/Src/stm32f2xx_it.o
                0x08001c4c                DebugMon_Handler
 .text.PendSV_Handler
                0x08001c58        0xc ./Core/Src/stm32f2xx_it.o
                0x08001c58                PendSV_Handler
 .text.SysTick_Handler
                0x08001c64        0xc ./Core/Src/stm32f2xx_it.o
                0x08001c64                SysTick_Handler
 .text.TIM2_IRQHandler
                0x08001c70       0x14 ./Core/Src/stm32f2xx_it.o
                0x08001c70                TIM2_IRQHandler
 .text.TIM3_IRQHandler
                0x08001c84       0x14 ./Core/Src/stm32f2xx_it.o
                0x08001c84                TIM3_IRQHandler
 .text._kill    0x08001c98       0x20 ./Core/Src/syscalls.o
                0x08001c98                _kill
 .text._exit    0x08001cb8       0x16 ./Core/Src/syscalls.o
                0x08001cb8                _exit
 .text._read    0x08001cce       0x3a ./Core/Src/syscalls.o
                0x08001cce                _read
 .text._close   0x08001d08       0x16 ./Core/Src/syscalls.o
                0x08001d08                _close
 .text._fstat   0x08001d1e       0x1e ./Core/Src/syscalls.o
                0x08001d1e                _fstat
 .text._isatty  0x08001d3c       0x14 ./Core/Src/syscalls.o
                0x08001d3c                _isatty
 .text._lseek   0x08001d50       0x18 ./Core/Src/syscalls.o
                0x08001d50                _lseek
 .text._sbrk    0x08001d68       0x6c ./Core/Src/sysmem.o
                0x08001d68                _sbrk
 .text.SystemInit
                0x08001dd4        0xc ./Core/Src/system_stm32f2xx.o
                0x08001dd4                SystemInit
 .text.Reset_Handler
                0x08001de0       0x50 ./Core/Startup/startup_stm32f205rbtx.o
                0x08001de0                Reset_Handler
 .text.Default_Handler
                0x08001e30        0x2 ./Core/Startup/startup_stm32f205rbtx.o
                0x08001e30                RTC_Alarm_IRQHandler
                0x08001e30                HASH_RNG_IRQHandler
                0x08001e30                EXTI2_IRQHandler
                0x08001e30                TIM8_CC_IRQHandler
                0x08001e30                TIM1_CC_IRQHandler
                0x08001e30                DMA2_Stream5_IRQHandler
                0x08001e30                DMA1_Stream5_IRQHandler
                0x08001e30                PVD_IRQHandler
                0x08001e30                SDIO_IRQHandler
                0x08001e30                TAMP_STAMP_IRQHandler
                0x08001e30                CAN2_RX1_IRQHandler
                0x08001e30                EXTI3_IRQHandler
                0x08001e30                TIM8_TRG_COM_TIM14_IRQHandler
                0x08001e30                TIM1_UP_TIM10_IRQHandler
                0x08001e30                TIM8_UP_TIM13_IRQHandler
                0x08001e30                I2C3_ER_IRQHandler
                0x08001e30                EXTI0_IRQHandler
                0x08001e30                I2C2_EV_IRQHandler
                0x08001e30                DMA1_Stream2_IRQHandler
                0x08001e30                CAN1_RX0_IRQHandler
                0x08001e30                OTG_HS_WKUP_IRQHandler
                0x08001e30                CAN2_SCE_IRQHandler
                0x08001e30                DMA2_Stream2_IRQHandler
                0x08001e30                SPI1_IRQHandler
                0x08001e30                TIM6_DAC_IRQHandler
                0x08001e30                TIM1_BRK_TIM9_IRQHandler
                0x08001e30                CAN2_RX0_IRQHandler
                0x08001e30                DMA2_Stream3_IRQHandler
                0x08001e30                USART6_IRQHandler
                0x08001e30                USART3_IRQHandler
                0x08001e30                CAN1_RX1_IRQHandler
                0x08001e30                UART5_IRQHandler
                0x08001e30                DMA2_Stream0_IRQHandler
                0x08001e30                TIM4_IRQHandler
                0x08001e30                I2C1_EV_IRQHandler
                0x08001e30                DMA1_Stream6_IRQHandler
                0x08001e30                DMA1_Stream1_IRQHandler
                0x08001e30                UART4_IRQHandler
                0x08001e30                RCC_IRQHandler
                0x08001e30                TIM8_BRK_TIM12_IRQHandler
                0x08001e30                Default_Handler
                0x08001e30                EXTI15_10_IRQHandler
                0x08001e30                ADC_IRQHandler
                0x08001e30                DMA1_Stream7_IRQHandler
                0x08001e30                TIM7_IRQHandler
                0x08001e30                CAN2_TX_IRQHandler
                0x08001e30                TIM5_IRQHandler
                0x08001e30                DMA2_Stream7_IRQHandler
                0x08001e30                I2C3_EV_IRQHandler
                0x08001e30                EXTI9_5_IRQHandler
                0x08001e30                RTC_WKUP_IRQHandler
                0x08001e30                SPI2_IRQHandler
                0x08001e30                OTG_HS_EP1_IN_IRQHandler
                0x08001e30                DMA1_Stream0_IRQHandler
                0x08001e30                CAN1_TX_IRQHandler
                0x08001e30                EXTI4_IRQHandler
                0x08001e30                FSMC_IRQHandler
                0x08001e30                OTG_HS_EP1_OUT_IRQHandler
                0x08001e30                WWDG_IRQHandler
                0x08001e30                OTG_FS_WKUP_IRQHandler
                0x08001e30                TIM1_TRG_COM_TIM11_IRQHandler
                0x08001e30                OTG_HS_IRQHandler
                0x08001e30                EXTI1_IRQHandler
                0x08001e30                USART2_IRQHandler
                0x08001e30                I2C2_ER_IRQHandler
                0x08001e30                DMA2_Stream1_IRQHandler
                0x08001e30                CAN1_SCE_IRQHandler
                0x08001e30                FLASH_IRQHandler
                0x08001e30                DMA2_Stream4_IRQHandler
                0x08001e30                USART1_IRQHandler
                0x08001e30                OTG_FS_IRQHandler
                0x08001e30                SPI3_IRQHandler
                0x08001e30                DMA1_Stream4_IRQHandler
                0x08001e30                I2C1_ER_IRQHandler
                0x08001e30                DMA2_Stream6_IRQHandler
                0x08001e30                DMA1_Stream3_IRQHandler
 *fill*         0x08001e32        0x2 
 .text.HAL_Init
                0x08001e34       0x44 ./Drivers/STM32F2xx_HAL_Driver/Src/stm32f2xx_hal.o
                0x08001e34                HAL_Init
 .text.HAL_InitTick
                0x08001e78       0x60 ./Drivers/STM32F2xx_HAL_Driver/Src/stm32f2xx_hal.o
                0x08001e78                HAL_InitTick
 .text.HAL_IncTick
                0x08001ed8       0x24 ./Drivers/STM32F2xx_HAL_Driver/Src/stm32f2xx_hal.o
                0x08001ed8                HAL_IncTick
 .text.HAL_GetTick
                0x08001efc       0x14 ./Drivers/STM32F2xx_HAL_Driver/Src/stm32f2xx_hal.o
                0x08001efc                HAL_GetTick
 .text.HAL_Delay
                0x08001f10       0x48 ./Drivers/STM32F2xx_HAL_Driver/Src/stm32f2xx_hal.o
                0x08001f10                HAL_Delay
 .text.HAL_ADC_Init
                0x08001f58       0x86 ./Drivers/STM32F2xx_HAL_Driver/Src/stm32f2xx_hal_adc.o
                0x08001f58                HAL_ADC_Init
 *fill*         0x08001fde        0x2 
 .text.HAL_ADC_Start
                0x08001fe0      0x160 ./Drivers/STM32F2xx_HAL_Driver/Src/stm32f2xx_hal_adc.o
                0x08001fe0                HAL_ADC_Start
 .text.HAL_ADC_PollForConversion
                0x08002140      0x108 ./Drivers/STM32F2xx_HAL_Driver/Src/stm32f2xx_hal_adc.o
                0x08002140                HAL_ADC_PollForConversion
 .text.HAL_ADC_GetValue
                0x08002248       0x18 ./Drivers/STM32F2xx_HAL_Driver/Src/stm32f2xx_hal_adc.o
                0x08002248                HAL_ADC_GetValue
 .text.HAL_ADC_ConfigChannel
                0x08002260      0x240 ./Drivers/STM32F2xx_HAL_Driver/Src/stm32f2xx_hal_adc.o
                0x08002260                HAL_ADC_ConfigChannel
 .text.ADC_Init
                0x080024a0      0x20c ./Drivers/STM32F2xx_HAL_Driver/Src/stm32f2xx_hal_adc.o
 .text.HAL_CAN_Init
                0x080026ac      0x1f6 ./Drivers/STM32F2xx_HAL_Driver/Src/stm32f2xx_hal_can.o
                0x080026ac                HAL_CAN_Init
 *fill*         0x080028a2        0x2 
 .text.__NVIC_SetPriorityGrouping
                0x080028a4       0x48 ./Drivers/STM32F2xx_HAL_Driver/Src/stm32f2xx_hal_cortex.o
 .text.__NVIC_GetPriorityGrouping
                0x080028ec       0x1c ./Drivers/STM32F2xx_HAL_Driver/Src/stm32f2xx_hal_cortex.o
 .text.__NVIC_EnableIRQ
                0x08002908       0x38 ./Drivers/STM32F2xx_HAL_Driver/Src/stm32f2xx_hal_cortex.o
 .text.__NVIC_SetPriority
                0x08002940       0x54 ./Drivers/STM32F2xx_HAL_Driver/Src/stm32f2xx_hal_cortex.o
 .text.NVIC_EncodePriority
                0x08002994       0x64 ./Drivers/STM32F2xx_HAL_Driver/Src/stm32f2xx_hal_cortex.o
 .text.SysTick_Config
                0x080029f8       0x44 ./Drivers/STM32F2xx_HAL_Driver/Src/stm32f2xx_hal_cortex.o
 .text.HAL_NVIC_SetPriorityGrouping
                0x08002a3c       0x16 ./Drivers/STM32F2xx_HAL_Driver/Src/stm32f2xx_hal_cortex.o
                0x08002a3c                HAL_NVIC_SetPriorityGrouping
 .text.HAL_NVIC_SetPriority
                0x08002a52       0x38 ./Drivers/STM32F2xx_HAL_Driver/Src/stm32f2xx_hal_cortex.o
                0x08002a52                HAL_NVIC_SetPriority
 .text.HAL_NVIC_EnableIRQ
                0x08002a8a       0x1c ./Drivers/STM32F2xx_HAL_Driver/Src/stm32f2xx_hal_cortex.o
                0x08002a8a                HAL_NVIC_EnableIRQ
 .text.HAL_SYSTICK_Config
                0x08002aa6       0x18 ./Drivers/STM32F2xx_HAL_Driver/Src/stm32f2xx_hal_cortex.o
                0x08002aa6                HAL_SYSTICK_Config
 *fill*         0x08002abe        0x2 
 .text.HAL_GPIO_Init
                0x08002ac0      0x33c ./Drivers/STM32F2xx_HAL_Driver/Src/stm32f2xx_hal_gpio.o
                0x08002ac0                HAL_GPIO_Init
 .text.HAL_GPIO_ReadPin
                0x08002dfc       0x2e ./Drivers/STM32F2xx_HAL_Driver/Src/stm32f2xx_hal_gpio.o
                0x08002dfc                HAL_GPIO_ReadPin
 .text.HAL_GPIO_WritePin
                0x08002e2a       0x30 ./Drivers/STM32F2xx_HAL_Driver/Src/stm32f2xx_hal_gpio.o
                0x08002e2a                HAL_GPIO_WritePin
 *fill*         0x08002e5a        0x2 
 .text.HAL_RCC_OscConfig
                0x08002e5c      0x4a8 ./Drivers/STM32F2xx_HAL_Driver/Src/stm32f2xx_hal_rcc.o
                0x08002e5c                HAL_RCC_OscConfig
 .text.HAL_RCC_ClockConfig
                0x08003304      0x1d8 ./Drivers/STM32F2xx_HAL_Driver/Src/stm32f2xx_hal_rcc.o
                0x08003304                HAL_RCC_ClockConfig
 .text.HAL_RCC_GetSysClockFreq
                0x080034dc      0x18c ./Drivers/STM32F2xx_HAL_Driver/Src/stm32f2xx_hal_rcc.o
                0x080034dc                HAL_RCC_GetSysClockFreq
 .text.HAL_SPI_Init
                0x08003668      0x112 ./Drivers/STM32F2xx_HAL_Driver/Src/stm32f2xx_hal_spi.o
                0x08003668                HAL_SPI_Init
 .text.HAL_TIM_Base_Init
                0x0800377a       0x9e ./Drivers/STM32F2xx_HAL_Driver/Src/stm32f2xx_hal_tim.o
                0x0800377a                HAL_TIM_Base_Init
 .text.HAL_TIM_IRQHandler
                0x08003818      0x210 ./Drivers/STM32F2xx_HAL_Driver/Src/stm32f2xx_hal_tim.o
                0x08003818                HAL_TIM_IRQHandler
 .text.HAL_TIM_ConfigClockSource
                0x08003a28      0x18e ./Drivers/STM32F2xx_HAL_Driver/Src/stm32f2xx_hal_tim.o
                0x08003a28                HAL_TIM_ConfigClockSource
 .text.HAL_TIM_OC_DelayElapsedCallback
                0x08003bb6       0x12 ./Drivers/STM32F2xx_HAL_Driver/Src/stm32f2xx_hal_tim.o
                0x08003bb6                HAL_TIM_OC_DelayElapsedCallback
 .text.HAL_TIM_IC_CaptureCallback
                0x08003bc8       0x12 ./Drivers/STM32F2xx_HAL_Driver/Src/stm32f2xx_hal_tim.o
                0x08003bc8                HAL_TIM_IC_CaptureCallback
 .text.HAL_TIM_PWM_PulseFinishedCallback
                0x08003bda       0x12 ./Drivers/STM32F2xx_HAL_Driver/Src/stm32f2xx_hal_tim.o
                0x08003bda                HAL_TIM_PWM_PulseFinishedCallback
 .text.HAL_TIM_TriggerCallback
                0x08003bec       0x12 ./Drivers/STM32F2xx_HAL_Driver/Src/stm32f2xx_hal_tim.o
                0x08003bec                HAL_TIM_TriggerCallback
 *fill*         0x08003bfe        0x2 
 .text.TIM_Base_SetConfig
                0x08003c00      0x13c ./Drivers/STM32F2xx_HAL_Driver/Src/stm32f2xx_hal_tim.o
                0x08003c00                TIM_Base_SetConfig
 .text.TIM_TI1_ConfigInputStage
                0x08003d3c       0x5c ./Drivers/STM32F2xx_HAL_Driver/Src/stm32f2xx_hal_tim.o
 .text.TIM_TI2_ConfigInputStage
                0x08003d98       0x5e ./Drivers/STM32F2xx_HAL_Driver/Src/stm32f2xx_hal_tim.o
 .text.TIM_ITRx_SetConfig
                0x08003df6       0x34 ./Drivers/STM32F2xx_HAL_Driver/Src/stm32f2xx_hal_tim.o
 .text.TIM_ETR_SetConfig
                0x08003e2a       0x3e ./Drivers/STM32F2xx_HAL_Driver/Src/stm32f2xx_hal_tim.o
                0x08003e2a                TIM_ETR_SetConfig
 .text.HAL_TIMEx_MasterConfigSynchronization
                0x08003e68       0xf4 ./Drivers/STM32F2xx_HAL_Driver/Src/stm32f2xx_hal_tim_ex.o
                0x08003e68                HAL_TIMEx_MasterConfigSynchronization
 .text.HAL_TIMEx_CommutCallback
                0x08003f5c       0x12 ./Drivers/STM32F2xx_HAL_Driver/Src/stm32f2xx_hal_tim_ex.o
                0x08003f5c                HAL_TIMEx_CommutCallback
 .text.HAL_TIMEx_BreakCallback
                0x08003f6e       0x12 ./Drivers/STM32F2xx_HAL_Driver/Src/stm32f2xx_hal_tim_ex.o
                0x08003f6e                HAL_TIMEx_BreakCallback
 .text.exit     0x08003f80       0x24 C:/ST/STM32CubeIDE_1.13.2/STM32CubeIDE/plugins/com.st.stm32cube.ide.mcu.externaltools.gnu-tools-for-stm32.12.3.rel1.win32_1.0.100.202403111256/tools/bin/../lib/gcc/arm-none-eabi/12.3.1/../../../../arm-none-eabi/lib/thumb/v7-m/nofp\libc_nano.a(libc_a-exit.o)
                0x08003f80                exit
 .text.std      0x08003fa4       0x6c C:/ST/STM32CubeIDE_1.13.2/STM32CubeIDE/plugins/com.st.stm32cube.ide.mcu.externaltools.gnu-tools-for-stm32.12.3.rel1.win32_1.0.100.202403111256/tools/bin/../lib/gcc/arm-none-eabi/12.3.1/../../../../arm-none-eabi/lib/thumb/v7-m/nofp\libc_nano.a(libc_a-findfp.o)
 .text.stdio_exit_handler
                0x08004010       0x18 C:/ST/STM32CubeIDE_1.13.2/STM32CubeIDE/plugins/com.st.stm32cube.ide.mcu.externaltools.gnu-tools-for-stm32.12.3.rel1.win32_1.0.100.202403111256/tools/bin/../lib/gcc/arm-none-eabi/12.3.1/../../../../arm-none-eabi/lib/thumb/v7-m/nofp\libc_nano.a(libc_a-findfp.o)
 .text.cleanup_stdio
                0x08004028       0x40 C:/ST/STM32CubeIDE_1.13.2/STM32CubeIDE/plugins/com.st.stm32cube.ide.mcu.externaltools.gnu-tools-for-stm32.12.3.rel1.win32_1.0.100.202403111256/tools/bin/../lib/gcc/arm-none-eabi/12.3.1/../../../../arm-none-eabi/lib/thumb/v7-m/nofp\libc_nano.a(libc_a-findfp.o)
 .text.global_stdio_init.part.0
                0x08004068       0x3c C:/ST/STM32CubeIDE_1.13.2/STM32CubeIDE/plugins/com.st.stm32cube.ide.mcu.externaltools.gnu-tools-for-stm32.12.3.rel1.win32_1.0.100.202403111256/tools/bin/../lib/gcc/arm-none-eabi/12.3.1/../../../../arm-none-eabi/lib/thumb/v7-m/nofp\libc_nano.a(libc_a-findfp.o)
 .text.__sfp_lock_acquire
                0x080040a4        0xc C:/ST/STM32CubeIDE_1.13.2/STM32CubeIDE/plugins/com.st.stm32cube.ide.mcu.externaltools.gnu-tools-for-stm32.12.3.rel1.win32_1.0.100.202403111256/tools/bin/../lib/gcc/arm-none-eabi/12.3.1/../../../../arm-none-eabi/lib/thumb/v7-m/nofp\libc_nano.a(libc_a-findfp.o)
                0x080040a4                __sfp_lock_acquire
 .text.__sfp_lock_release
                0x080040b0        0xc C:/ST/STM32CubeIDE_1.13.2/STM32CubeIDE/plugins/com.st.stm32cube.ide.mcu.externaltools.gnu-tools-for-stm32.12.3.rel1.win32_1.0.100.202403111256/tools/bin/../lib/gcc/arm-none-eabi/12.3.1/../../../../arm-none-eabi/lib/thumb/v7-m/nofp\libc_nano.a(libc_a-findfp.o)
                0x080040b0                __sfp_lock_release
 .text.__sinit  0x080040bc       0x30 C:/ST/STM32CubeIDE_1.13.2/STM32CubeIDE/plugins/com.st.stm32cube.ide.mcu.externaltools.gnu-tools-for-stm32.12.3.rel1.win32_1.0.100.202403111256/tools/bin/../lib/gcc/arm-none-eabi/12.3.1/../../../../arm-none-eabi/lib/thumb/v7-m/nofp\libc_nano.a(libc_a-findfp.o)
                0x080040bc                __sinit
 .text._fwalk_sglue
                0x080040ec       0x3c C:/ST/STM32CubeIDE_1.13.2/STM32CubeIDE/plugins/com.st.stm32cube.ide.mcu.externaltools.gnu-tools-for-stm32.12.3.rel1.win32_1.0.100.202403111256/tools/bin/../lib/gcc/arm-none-eabi/12.3.1/../../../../arm-none-eabi/lib/thumb/v7-m/nofp\libc_nano.a(libc_a-fwalk.o)
                0x080040ec                _fwalk_sglue
 .text._puts_r  0x08004128       0xaa C:/ST/STM32CubeIDE_1.13.2/STM32CubeIDE/plugins/com.st.stm32cube.ide.mcu.externaltools.gnu-tools-for-stm32.12.3.rel1.win32_1.0.100.202403111256/tools/bin/../lib/gcc/arm-none-eabi/12.3.1/../../../../arm-none-eabi/lib/thumb/v7-m/nofp\libc_nano.a(libc_a-puts.o)
                0x08004128                _puts_r
 *fill*         0x080041d2        0x2 
 .text.puts     0x080041d4       0x10 C:/ST/STM32CubeIDE_1.13.2/STM32CubeIDE/plugins/com.st.stm32cube.ide.mcu.externaltools.gnu-tools-for-stm32.12.3.rel1.win32_1.0.100.202403111256/tools/bin/../lib/gcc/arm-none-eabi/12.3.1/../../../../arm-none-eabi/lib/thumb/v7-m/nofp\libc_nano.a(libc_a-puts.o)
                0x080041d4                puts
 .text.__sread  0x080041e4       0x22 C:/ST/STM32CubeIDE_1.13.2/STM32CubeIDE/plugins/com.st.stm32cube.ide.mcu.externaltools.gnu-tools-for-stm32.12.3.rel1.win32_1.0.100.202403111256/tools/bin/../lib/gcc/arm-none-eabi/12.3.1/../../../../arm-none-eabi/lib/thumb/v7-m/nofp\libc_nano.a(libc_a-stdio.o)
                0x080041e4                __sread
 .text.__swrite
                0x08004206       0x38 C:/ST/STM32CubeIDE_1.13.2/STM32CubeIDE/plugins/com.st.stm32cube.ide.mcu.externaltools.gnu-tools-for-stm32.12.3.rel1.win32_1.0.100.202403111256/tools/bin/../lib/gcc/arm-none-eabi/12.3.1/../../../../arm-none-eabi/lib/thumb/v7-m/nofp\libc_nano.a(libc_a-stdio.o)
                0x08004206                __swrite
 .text.__sseek  0x0800423e       0x24 C:/ST/STM32CubeIDE_1.13.2/STM32CubeIDE/plugins/com.st.stm32cube.ide.mcu.externaltools.gnu-tools-for-stm32.12.3.rel1.win32_1.0.100.202403111256/tools/bin/../lib/gcc/arm-none-eabi/12.3.1/../../../../arm-none-eabi/lib/thumb/v7-m/nofp\libc_nano.a(libc_a-stdio.o)
                0x0800423e                __sseek
 .text.__sclose
                0x08004262        0x8 C:/ST/STM32CubeIDE_1.13.2/STM32CubeIDE/plugins/com.st.stm32cube.ide.mcu.externaltools.gnu-tools-for-stm32.12.3.rel1.win32_1.0.100.202403111256/tools/bin/../lib/gcc/arm-none-eabi/12.3.1/../../../../arm-none-eabi/lib/thumb/v7-m/nofp\libc_nano.a(libc_a-stdio.o)
                0x08004262                __sclose
 .text.__swbuf_r
                0x0800426a       0x7c C:/ST/STM32CubeIDE_1.13.2/STM32CubeIDE/plugins/com.st.stm32cube.ide.mcu.externaltools.gnu-tools-for-stm32.12.3.rel1.win32_1.0.100.202403111256/tools/bin/../lib/gcc/arm-none-eabi/12.3.1/../../../../arm-none-eabi/lib/thumb/v7-m/nofp\libc_nano.a(libc_a-wbuf.o)
                0x0800426a                __swbuf_r
 *fill*         0x080042e6        0x2 
 .text.__swsetup_r
                0x080042e8       0xac C:/ST/STM32CubeIDE_1.13.2/STM32CubeIDE/plugins/com.st.stm32cube.ide.mcu.externaltools.gnu-tools-for-stm32.12.3.rel1.win32_1.0.100.202403111256/tools/bin/../lib/gcc/arm-none-eabi/12.3.1/../../../../arm-none-eabi/lib/thumb/v7-m/nofp\libc_nano.a(libc_a-wsetup.o)
                0x080042e8                __swsetup_r
 .text.memset   0x08004394       0x10 C:/ST/STM32CubeIDE_1.13.2/STM32CubeIDE/plugins/com.st.stm32cube.ide.mcu.externaltools.gnu-tools-for-stm32.12.3.rel1.win32_1.0.100.202403111256/tools/bin/../lib/gcc/arm-none-eabi/12.3.1/../../../../arm-none-eabi/lib/thumb/v7-m/nofp\libc_nano.a(libc_a-memset.o)
                0x08004394                memset
 .text._close_r
                0x080043a4       0x20 C:/ST/STM32CubeIDE_1.13.2/STM32CubeIDE/plugins/com.st.stm32cube.ide.mcu.externaltools.gnu-tools-for-stm32.12.3.rel1.win32_1.0.100.202403111256/tools/bin/../lib/gcc/arm-none-eabi/12.3.1/../../../../arm-none-eabi/lib/thumb/v7-m/nofp\libc_nano.a(libc_a-closer.o)
                0x080043a4                _close_r
 .text._lseek_r
                0x080043c4       0x24 C:/ST/STM32CubeIDE_1.13.2/STM32CubeIDE/plugins/com.st.stm32cube.ide.mcu.externaltools.gnu-tools-for-stm32.12.3.rel1.win32_1.0.100.202403111256/tools/bin/../lib/gcc/arm-none-eabi/12.3.1/../../../../arm-none-eabi/lib/thumb/v7-m/nofp\libc_nano.a(libc_a-lseekr.o)
                0x080043c4                _lseek_r
 .text._read_r  0x080043e8       0x24 C:/ST/STM32CubeIDE_1.13.2/STM32CubeIDE/plugins/com.st.stm32cube.ide.mcu.externaltools.gnu-tools-for-stm32.12.3.rel1.win32_1.0.100.202403111256/tools/bin/../lib/gcc/arm-none-eabi/12.3.1/../../../../arm-none-eabi/lib/thumb/v7-m/nofp\libc_nano.a(libc_a-readr.o)
                0x080043e8                _read_r
 .text._write_r
                0x0800440c       0x24 C:/ST/STM32CubeIDE_1.13.2/STM32CubeIDE/plugins/com.st.stm32cube.ide.mcu.externaltools.gnu-tools-for-stm32.12.3.rel1.win32_1.0.100.202403111256/tools/bin/../lib/gcc/arm-none-eabi/12.3.1/../../../../arm-none-eabi/lib/thumb/v7-m/nofp\libc_nano.a(libc_a-writer.o)
                0x0800440c                _write_r
 .text.__errno  0x08004430        0xc C:/ST/STM32CubeIDE_1.13.2/STM32CubeIDE/plugins/com.st.stm32cube.ide.mcu.externaltools.gnu-tools-for-stm32.12.3.rel1.win32_1.0.100.202403111256/tools/bin/../lib/gcc/arm-none-eabi/12.3.1/../../../../arm-none-eabi/lib/thumb/v7-m/nofp\libc_nano.a(libc_a-errno.o)
                0x08004430                __errno
 .text.__libc_init_array
                0x0800443c       0x48 C:/ST/STM32CubeIDE_1.13.2/STM32CubeIDE/plugins/com.st.stm32cube.ide.mcu.externaltools.gnu-tools-for-stm32.12.3.rel1.win32_1.0.100.202403111256/tools/bin/../lib/gcc/arm-none-eabi/12.3.1/../../../../arm-none-eabi/lib/thumb/v7-m/nofp\libc_nano.a(libc_a-init.o)
                0x0800443c                __libc_init_array
 .text.__retarget_lock_init_recursive
                0x08004484        0x2 C:/ST/STM32CubeIDE_1.13.2/STM32CubeIDE/plugins/com.st.stm32cube.ide.mcu.externaltools.gnu-tools-for-stm32.12.3.rel1.win32_1.0.100.202403111256/tools/bin/../lib/gcc/arm-none-eabi/12.3.1/../../../../arm-none-eabi/lib/thumb/v7-m/nofp\libc_nano.a(libc_a-lock.o)
                0x08004484                __retarget_lock_init_recursive
 .text.__retarget_lock_acquire_recursive
                0x08004486        0x2 C:/ST/STM32CubeIDE_1.13.2/STM32CubeIDE/plugins/com.st.stm32cube.ide.mcu.externaltools.gnu-tools-for-stm32.12.3.rel1.win32_1.0.100.202403111256/tools/bin/../lib/gcc/arm-none-eabi/12.3.1/../../../../arm-none-eabi/lib/thumb/v7-m/nofp\libc_nano.a(libc_a-lock.o)
                0x08004486                __retarget_lock_acquire_recursive
 .text.__retarget_lock_release_recursive
                0x08004488        0x2 C:/ST/STM32CubeIDE_1.13.2/STM32CubeIDE/plugins/com.st.stm32cube.ide.mcu.externaltools.gnu-tools-for-stm32.12.3.rel1.win32_1.0.100.202403111256/tools/bin/../lib/gcc/arm-none-eabi/12.3.1/../../../../arm-none-eabi/lib/thumb/v7-m/nofp\libc_nano.a(libc_a-lock.o)
                0x08004488                __retarget_lock_release_recursive
 *fill*         0x0800448a        0x2 
 .text._free_r  0x0800448c       0x90 C:/ST/STM32CubeIDE_1.13.2/STM32CubeIDE/plugins/com.st.stm32cube.ide.mcu.externaltools.gnu-tools-for-stm32.12.3.rel1.win32_1.0.100.202403111256/tools/bin/../lib/gcc/arm-none-eabi/12.3.1/../../../../arm-none-eabi/lib/thumb/v7-m/nofp\libc_nano.a(libc_a-freer.o)
                0x0800448c                _free_r
 .text.sbrk_aligned
                0x0800451c       0x44 C:/ST/STM32CubeIDE_1.13.2/STM32CubeIDE/plugins/com.st.stm32cube.ide.mcu.externaltools.gnu-tools-for-stm32.12.3.rel1.win32_1.0.100.202403111256/tools/bin/../lib/gcc/arm-none-eabi/12.3.1/../../../../arm-none-eabi/lib/thumb/v7-m/nofp\libc_nano.a(libc_a-mallocr.o)
 .text._malloc_r
                0x08004560      0x100 C:/ST/STM32CubeIDE_1.13.2/STM32CubeIDE/plugins/com.st.stm32cube.ide.mcu.externaltools.gnu-tools-for-stm32.12.3.rel1.win32_1.0.100.202403111256/tools/bin/../lib/gcc/arm-none-eabi/12.3.1/../../../../arm-none-eabi/lib/thumb/v7-m/nofp\libc_nano.a(libc_a-mallocr.o)
                0x08004560                _malloc_r
 .text.__malloc_lock
                0x08004660        0xc C:/ST/STM32CubeIDE_1.13.2/STM32CubeIDE/plugins/com.st.stm32cube.ide.mcu.externaltools.gnu-tools-for-stm32.12.3.rel1.win32_1.0.100.202403111256/tools/bin/../lib/gcc/arm-none-eabi/12.3.1/../../../../arm-none-eabi/lib/thumb/v7-m/nofp\libc_nano.a(libc_a-mlock.o)
                0x08004660                __malloc_lock
 .text.__malloc_unlock
                0x0800466c        0xc C:/ST/STM32CubeIDE_1.13.2/STM32CubeIDE/plugins/com.st.stm32cube.ide.mcu.externaltools.gnu-tools-for-stm32.12.3.rel1.win32_1.0.100.202403111256/tools/bin/../lib/gcc/arm-none-eabi/12.3.1/../../../../arm-none-eabi/lib/thumb/v7-m/nofp\libc_nano.a(libc_a-mlock.o)
                0x0800466c                __malloc_unlock
 .text.__sflush_r
                0x08004678      0x100 C:/ST/STM32CubeIDE_1.13.2/STM32CubeIDE/plugins/com.st.stm32cube.ide.mcu.externaltools.gnu-tools-for-stm32.12.3.rel1.win32_1.0.100.202403111256/tools/bin/../lib/gcc/arm-none-eabi/12.3.1/../../../../arm-none-eabi/lib/thumb/v7-m/nofp\libc_nano.a(libc_a-fflush.o)
                0x08004678                __sflush_r
 .text._fflush_r
                0x08004778       0x50 C:/ST/STM32CubeIDE_1.13.2/STM32CubeIDE/plugins/com.st.stm32cube.ide.mcu.externaltools.gnu-tools-for-stm32.12.3.rel1.win32_1.0.100.202403111256/tools/bin/../lib/gcc/arm-none-eabi/12.3.1/../../../../arm-none-eabi/lib/thumb/v7-m/nofp\libc_nano.a(libc_a-fflush.o)
                0x08004778                _fflush_r
 .text.__swhatbuf_r
                0x080047c8       0x4a C:/ST/STM32CubeIDE_1.13.2/STM32CubeIDE/plugins/com.st.stm32cube.ide.mcu.externaltools.gnu-tools-for-stm32.12.3.rel1.win32_1.0.100.202403111256/tools/bin/../lib/gcc/arm-none-eabi/12.3.1/../../../../arm-none-eabi/lib/thumb/v7-m/nofp\libc_nano.a(libc_a-makebuf.o)
                0x080047c8                __swhatbuf_r
 .text.__smakebuf_r
                0x08004812       0x78 C:/ST/STM32CubeIDE_1.13.2/STM32CubeIDE/plugins/com.st.stm32cube.ide.mcu.externaltools.gnu-tools-for-stm32.12.3.rel1.win32_1.0.100.202403111256/tools/bin/../lib/gcc/arm-none-eabi/12.3.1/../../../../arm-none-eabi/lib/thumb/v7-m/nofp\libc_nano.a(libc_a-makebuf.o)
                0x08004812                __smakebuf_r
 *fill*         0x0800488a        0x2 
 .text._fstat_r
                0x0800488c       0x24 C:/ST/STM32CubeIDE_1.13.2/STM32CubeIDE/plugins/com.st.stm32cube.ide.mcu.externaltools.gnu-tools-for-stm32.12.3.rel1.win32_1.0.100.202403111256/tools/bin/../lib/gcc/arm-none-eabi/12.3.1/../../../../arm-none-eabi/lib/thumb/v7-m/nofp\libc_nano.a(libc_a-fstatr.o)
                0x0800488c                _fstat_r
 .text._isatty_r
                0x080048b0       0x20 C:/ST/STM32CubeIDE_1.13.2/STM32CubeIDE/plugins/com.st.stm32cube.ide.mcu.externaltools.gnu-tools-for-stm32.12.3.rel1.win32_1.0.100.202403111256/tools/bin/../lib/gcc/arm-none-eabi/12.3.1/../../../../arm-none-eabi/lib/thumb/v7-m/nofp\libc_nano.a(libc_a-isattyr.o)
                0x080048b0                _isatty_r
 .text._sbrk_r  0x080048d0       0x20 C:/ST/STM32CubeIDE_1.13.2/STM32CubeIDE/plugins/com.st.stm32cube.ide.mcu.externaltools.gnu-tools-for-stm32.12.3.rel1.win32_1.0.100.202403111256/tools/bin/../lib/gcc/arm-none-eabi/12.3.1/../../../../arm-none-eabi/lib/thumb/v7-m/nofp\libc_nano.a(libc_a-sbrkr.o)
                0x080048d0                _sbrk_r
 *(.glue_7)
 .glue_7        0x080048f0        0x0 linker stubs
 *(.glue_7t)
 .glue_7t       0x080048f0        0x0 linker stubs
 *(.eh_frame)
 .eh_frame      0x080048f0        0x0 C:/ST/STM32CubeIDE_1.13.2/STM32CubeIDE/plugins/com.st.stm32cube.ide.mcu.externaltools.gnu-tools-for-stm32.12.3.rel1.win32_1.0.100.202403111256/tools/bin/../lib/gcc/arm-none-eabi/12.3.1/thumb/v7-m/nofp/crtbegin.o
 *(.init)
 .init          0x080048f0        0x4 C:/ST/STM32CubeIDE_1.13.2/STM32CubeIDE/plugins/com.st.stm32cube.ide.mcu.externaltools.gnu-tools-for-stm32.12.3.rel1.win32_1.0.100.202403111256/tools/bin/../lib/gcc/arm-none-eabi/12.3.1/thumb/v7-m/nofp/crti.o
                0x080048f0                _init
 .init          0x080048f4        0x8 C:/ST/STM32CubeIDE_1.13.2/STM32CubeIDE/plugins/com.st.stm32cube.ide.mcu.externaltools.gnu-tools-for-stm32.12.3.rel1.win32_1.0.100.202403111256/tools/bin/../lib/gcc/arm-none-eabi/12.3.1/thumb/v7-m/nofp/crtn.o
 *(.fini)
 .fini          0x080048fc        0x4 C:/ST/STM32CubeIDE_1.13.2/STM32CubeIDE/plugins/com.st.stm32cube.ide.mcu.externaltools.gnu-tools-for-stm32.12.3.rel1.win32_1.0.100.202403111256/tools/bin/../lib/gcc/arm-none-eabi/12.3.1/thumb/v7-m/nofp/crti.o
                0x080048fc                _fini
 .fini          0x08004900        0x8 C:/ST/STM32CubeIDE_1.13.2/STM32CubeIDE/plugins/com.st.stm32cube.ide.mcu.externaltools.gnu-tools-for-stm32.12.3.rel1.win32_1.0.100.202403111256/tools/bin/../lib/gcc/arm-none-eabi/12.3.1/thumb/v7-m/nofp/crtn.o
                0x08004908                        . = ALIGN (0x4)
                0x08004908                        _etext = .

.vfp11_veneer   0x08004908        0x0
 .vfp11_veneer  0x08004908        0x0 linker stubs

.v4_bx          0x08004908        0x0
 .v4_bx         0x08004908        0x0 linker stubs

.iplt           0x08004908        0x0
 .iplt          0x08004908        0x0 C:/ST/STM32CubeIDE_1.13.2/STM32CubeIDE/plugins/com.st.stm32cube.ide.mcu.externaltools.gnu-tools-for-stm32.12.3.rel1.win32_1.0.100.202403111256/tools/bin/../lib/gcc/arm-none-eabi/12.3.1/thumb/v7-m/nofp/crtbegin.o

.rodata         0x08004908       0x80
                0x08004908                        . = ALIGN (0x4)
 *(.rodata)
 .rodata        0x08004908       0x70 ./Core/Src/main.o
 *(.rodata*)
 .rodata.AHBPrescTable
                0x08004978       0x10 ./Core/Src/system_stm32f2xx.o
                0x08004978                AHBPrescTable
                0x08004988                        . = ALIGN (0x4)

.ARM.extab      0x08004988        0x0
                0x08004988                        . = ALIGN (0x4)
 *(.ARM.extab* .gnu.linkonce.armextab.*)
                0x08004988                        . = ALIGN (0x4)

.ARM            0x08004988        0x8
                0x08004988                        . = ALIGN (0x4)
                0x08004988                        __exidx_start = .
 *(.ARM.exidx*)
 .ARM.exidx     0x08004988        0x8 C:/ST/STM32CubeIDE_1.13.2/STM32CubeIDE/plugins/com.st.stm32cube.ide.mcu.externaltools.gnu-tools-for-stm32.12.3.rel1.win32_1.0.100.202403111256/tools/bin/../lib/gcc/arm-none-eabi/12.3.1/thumb/v7-m/nofp\libgcc.a(_udivmoddi4.o)
                0x08004990                        __exidx_end = .
                0x08004990                        . = ALIGN (0x4)

.preinit_array  0x08004990        0x0
                0x08004990                        . = ALIGN (0x4)
                0x08004990                        PROVIDE (__preinit_array_start = .)
 *(.preinit_array*)
                0x08004990                        PROVIDE (__preinit_array_end = .)
                0x08004990                        . = ALIGN (0x4)

.init_array     0x08004990        0x4
                0x08004990                        . = ALIGN (0x4)
                0x08004990                        PROVIDE (__init_array_start = .)
 *(SORT_BY_NAME(.init_array.*))
 *(.init_array*)
 .init_array    0x08004990        0x4 C:/ST/STM32CubeIDE_1.13.2/STM32CubeIDE/plugins/com.st.stm32cube.ide.mcu.externaltools.gnu-tools-for-stm32.12.3.rel1.win32_1.0.100.202403111256/tools/bin/../lib/gcc/arm-none-eabi/12.3.1/thumb/v7-m/nofp/crtbegin.o
                0x08004994                        PROVIDE (__init_array_end = .)
                0x08004994                        . = ALIGN (0x4)

.fini_array     0x08004994        0x4
                0x08004994                        . = ALIGN (0x4)
                [!provide]                        PROVIDE (__fini_array_start = .)
 *(SORT_BY_NAME(.fini_array.*))
 *(.fini_array*)
 .fini_array    0x08004994        0x4 C:/ST/STM32CubeIDE_1.13.2/STM32CubeIDE/plugins/com.st.stm32cube.ide.mcu.externaltools.gnu-tools-for-stm32.12.3.rel1.win32_1.0.100.202403111256/tools/bin/../lib/gcc/arm-none-eabi/12.3.1/thumb/v7-m/nofp/crtbegin.o
                [!provide]                        PROVIDE (__fini_array_end = .)
                0x08004998                        . = ALIGN (0x4)
                0x08004998                        _sidata = LOADADDR (.data)

.rel.dyn        0x08004998        0x0
 .rel.iplt      0x08004998        0x0 C:/ST/STM32CubeIDE_1.13.2/STM32CubeIDE/plugins/com.st.stm32cube.ide.mcu.externaltools.gnu-tools-for-stm32.12.3.rel1.win32_1.0.100.202403111256/tools/bin/../lib/gcc/arm-none-eabi/12.3.1/thumb/v7-m/nofp/crtbegin.o

.data           0x20000000       0x6c load address 0x08004998
                0x20000000                        . = ALIGN (0x4)
                0x20000000                        _sdata = .
 *(.data)
 *(.data*)
 .data.Status   0x20000000        0x1 ./Core/Src/main.o
                0x20000000                Status
 *fill*         0x20000001        0x3 
 .data.SystemCoreClock
                0x20000004        0x4 ./Core/Src/system_stm32f2xx.o
                0x20000004                SystemCoreClock
 .data.uwTickPrio
                0x20000008        0x4 ./Drivers/STM32F2xx_HAL_Driver/Src/stm32f2xx_hal.o
                0x20000008                uwTickPrio
 .data.uwTickFreq
                0x2000000c        0x1 ./Drivers/STM32F2xx_HAL_Driver/Src/stm32f2xx_hal.o
                0x2000000c                uwTickFreq
 *fill*         0x2000000d        0x3 
 .data.__sglue  0x20000010        0xc C:/ST/STM32CubeIDE_1.13.2/STM32CubeIDE/plugins/com.st.stm32cube.ide.mcu.externaltools.gnu-tools-for-stm32.12.3.rel1.win32_1.0.100.202403111256/tools/bin/../lib/gcc/arm-none-eabi/12.3.1/../../../../arm-none-eabi/lib/thumb/v7-m/nofp\libc_nano.a(libc_a-findfp.o)
                0x20000010                __sglue
 .data._impure_ptr
                0x2000001c        0x4 C:/ST/STM32CubeIDE_1.13.2/STM32CubeIDE/plugins/com.st.stm32cube.ide.mcu.externaltools.gnu-tools-for-stm32.12.3.rel1.win32_1.0.100.202403111256/tools/bin/../lib/gcc/arm-none-eabi/12.3.1/../../../../arm-none-eabi/lib/thumb/v7-m/nofp\libc_nano.a(libc_a-impure.o)
                0x2000001c                _impure_ptr
 .data._impure_data
                0x20000020       0x4c C:/ST/STM32CubeIDE_1.13.2/STM32CubeIDE/plugins/com.st.stm32cube.ide.mcu.externaltools.gnu-tools-for-stm32.12.3.rel1.win32_1.0.100.202403111256/tools/bin/../lib/gcc/arm-none-eabi/12.3.1/../../../../arm-none-eabi/lib/thumb/v7-m/nofp\libc_nano.a(libc_a-impure.o)
                0x20000020                _impure_data
 *(.RamFunc)
 *(.RamFunc*)
                0x2000006c                        . = ALIGN (0x4)
                0x2000006c                        _edata = .

.igot.plt       0x2000006c        0x0 load address 0x08004a04
 .igot.plt      0x2000006c        0x0 C:/ST/STM32CubeIDE_1.13.2/STM32CubeIDE/plugins/com.st.stm32cube.ide.mcu.externaltools.gnu-tools-for-stm32.12.3.rel1.win32_1.0.100.202403111256/tools/bin/../lib/gcc/arm-none-eabi/12.3.1/thumb/v7-m/nofp/crtbegin.o
                0x2000006c                        . = ALIGN (0x4)

.bss            0x2000006c      0x2d4 load address 0x08004a04
                0x2000006c                        _sbss = .
                0x2000006c                        __bss_start__ = _sbss
 *(.bss)
 .bss           0x2000006c       0x1c C:/ST/STM32CubeIDE_1.13.2/STM32CubeIDE/plugins/com.st.stm32cube.ide.mcu.externaltools.gnu-tools-for-stm32.12.3.rel1.win32_1.0.100.202403111256/tools/bin/../lib/gcc/arm-none-eabi/12.3.1/thumb/v7-m/nofp/crtbegin.o
 *(.bss*)
 .bss.operation
                0x20000088        0x4 ./Core/Src/main.o
                0x20000088                operation
 .bss.can_voltage
                0x2000008c        0x4 ./Core/Src/main.o
                0x2000008c                can_voltage
 .bss.updating_start_tick
                0x20000090        0x4 ./Core/Src/main.o
                0x20000090                updating_start_tick
 .bss.hadc1     0x20000094       0x48 ./Core/Src/main.o
                0x20000094                hadc1
 .bss.hcan1     0x200000dc       0x28 ./Core/Src/main.o
                0x200000dc                hcan1
 .bss.hspi1     0x20000104       0x58 ./Core/Src/main.o
                0x20000104                hspi1
 .bss.htim2     0x2000015c       0x48 ./Core/Src/main.o
                0x2000015c                htim2
 .bss.htim3     0x200001a4       0x48 ./Core/Src/main.o
                0x200001a4                htim3
 .bss.__sbrk_heap_end
                0x200001ec        0x4 ./Core/Src/sysmem.o
 .bss.uwTick    0x200001f0        0x4 ./Drivers/STM32F2xx_HAL_Driver/Src/stm32f2xx_hal.o
                0x200001f0                uwTick
 .bss.__sf      0x200001f4      0x138 C:/ST/STM32CubeIDE_1.13.2/STM32CubeIDE/plugins/com.st.stm32cube.ide.mcu.externaltools.gnu-tools-for-stm32.12.3.rel1.win32_1.0.100.202403111256/tools/bin/../lib/gcc/arm-none-eabi/12.3.1/../../../../arm-none-eabi/lib/thumb/v7-m/nofp\libc_nano.a(libc_a-findfp.o)
                0x200001f4                __sf
 .bss.__stdio_exit_handler
                0x2000032c        0x4 C:/ST/STM32CubeIDE_1.13.2/STM32CubeIDE/plugins/com.st.stm32cube.ide.mcu.externaltools.gnu-tools-for-stm32.12.3.rel1.win32_1.0.100.202403111256/tools/bin/../lib/gcc/arm-none-eabi/12.3.1/../../../../arm-none-eabi/lib/thumb/v7-m/nofp\libc_nano.a(libc_a-findfp.o)
                0x2000032c                __stdio_exit_handler
 .bss.errno     0x20000330        0x4 C:/ST/STM32CubeIDE_1.13.2/STM32CubeIDE/plugins/com.st.stm32cube.ide.mcu.externaltools.gnu-tools-for-stm32.12.3.rel1.win32_1.0.100.202403111256/tools/bin/../lib/gcc/arm-none-eabi/12.3.1/../../../../arm-none-eabi/lib/thumb/v7-m/nofp\libc_nano.a(libc_a-reent.o)
                0x20000330                errno
 .bss.__lock___malloc_recursive_mutex
                0x20000334        0x1 C:/ST/STM32CubeIDE_1.13.2/STM32CubeIDE/plugins/com.st.stm32cube.ide.mcu.externaltools.gnu-tools-for-stm32.12.3.rel1.win32_1.0.100.202403111256/tools/bin/../lib/gcc/arm-none-eabi/12.3.1/../../../../arm-none-eabi/lib/thumb/v7-m/nofp\libc_nano.a(libc_a-lock.o)
                0x20000334                __lock___malloc_recursive_mutex
 .bss.__lock___sfp_recursive_mutex
                0x20000335        0x1 C:/ST/STM32CubeIDE_1.13.2/STM32CubeIDE/plugins/com.st.stm32cube.ide.mcu.externaltools.gnu-tools-for-stm32.12.3.rel1.win32_1.0.100.202403111256/tools/bin/../lib/gcc/arm-none-eabi/12.3.1/../../../../arm-none-eabi/lib/thumb/v7-m/nofp\libc_nano.a(libc_a-lock.o)
                0x20000335                __lock___sfp_recursive_mutex
 *fill*         0x20000336        0x2 
 .bss.__malloc_sbrk_start
                0x20000338        0x4 C:/ST/STM32CubeIDE_1.13.2/STM32CubeIDE/plugins/com.st.stm32cube.ide.mcu.externaltools.gnu-tools-for-stm32.12.3.rel1.win32_1.0.100.202403111256/tools/bin/../lib/gcc/arm-none-eabi/12.3.1/../../../../arm-none-eabi/lib/thumb/v7-m/nofp\libc_nano.a(libc_a-mallocr.o)
                0x20000338                __malloc_sbrk_start
 .bss.__malloc_free_list
                0x2000033c        0x4 C:/ST/STM32CubeIDE_1.13.2/STM32CubeIDE/plugins/com.st.stm32cube.ide.mcu.externaltools.gnu-tools-for-stm32.12.3.rel1.win32_1.0.100.202403111256/tools/bin/../lib/gcc/arm-none-eabi/12.3.1/../../../../arm-none-eabi/lib/thumb/v7-m/nofp\libc_nano.a(libc_a-mallocr.o)
                0x2000033c                __malloc_free_list
 *(COMMON)
                0x20000340                        . = ALIGN (0x4)
                0x20000340                        _ebss = .
                0x20000340                        __bss_end__ = _ebss

._user_heap_stack
                0x20000340      0x600 load address 0x08004a04
                0x20000340                        . = ALIGN (0x8)
                [!provide]                        PROVIDE (end = .)
                0x20000340                        PROVIDE (_end = .)
                0x20000540                        . = (. + _Min_Heap_Size)
 *fill*         0x20000340      0x200 
                0x20000940                        . = (. + _Min_Stack_Size)
 *fill*         0x20000540      0x400 
                0x20000940                        . = ALIGN (0x8)

/DISCARD/
 libc.a(*)
 libm.a(*)
 libgcc.a(*)

.ARM.attributes
                0x00000000       0x29
 *(.ARM.attributes)
 .ARM.attributes
                0x00000000       0x1d C:/ST/STM32CubeIDE_1.13.2/STM32CubeIDE/plugins/com.st.stm32cube.ide.mcu.externaltools.gnu-tools-for-stm32.12.3.rel1.win32_1.0.100.202403111256/tools/bin/../lib/gcc/arm-none-eabi/12.3.1/thumb/v7-m/nofp/crti.o
 .ARM.attributes
                0x0000001d       0x2d C:/ST/STM32CubeIDE_1.13.2/STM32CubeIDE/plugins/com.st.stm32cube.ide.mcu.externaltools.gnu-tools-for-stm32.12.3.rel1.win32_1.0.100.202403111256/tools/bin/../lib/gcc/arm-none-eabi/12.3.1/thumb/v7-m/nofp/crtbegin.o
 .ARM.attributes
                0x0000004a       0x2d ./Core/Src/main.o
 .ARM.attributes
                0x00000077       0x2d ./Core/Src/stm32f2xx_hal_msp.o
 .ARM.attributes
                0x000000a4       0x2d ./Core/Src/stm32f2xx_it.o
 .ARM.attributes
                0x000000d1       0x2d ./Core/Src/syscalls.o
 .ARM.attributes
                0x000000fe       0x2d ./Core/Src/sysmem.o
 .ARM.attributes
                0x0000012b       0x2d ./Core/Src/system_stm32f2xx.o
 .ARM.attributes
                0x00000158       0x21 ./Core/Startup/startup_stm32f205rbtx.o
 .ARM.attributes
                0x00000179       0x2d ./Drivers/STM32F2xx_HAL_Driver/Src/stm32f2xx_hal.o
 .ARM.attributes
                0x000001a6       0x2d ./Drivers/STM32F2xx_HAL_Driver/Src/stm32f2xx_hal_adc.o
 .ARM.attributes
                0x000001d3       0x2d ./Drivers/STM32F2xx_HAL_Driver/Src/stm32f2xx_hal_can.o
 .ARM.attributes
                0x00000200       0x2d ./Drivers/STM32F2xx_HAL_Driver/Src/stm32f2xx_hal_cortex.o
 .ARM.attributes
                0x0000022d       0x2d ./Drivers/STM32F2xx_HAL_Driver/Src/stm32f2xx_hal_gpio.o
 .ARM.attributes
                0x0000025a       0x2d ./Drivers/STM32F2xx_HAL_Driver/Src/stm32f2xx_hal_rcc.o
 .ARM.attributes
                0x00000287       0x2d ./Drivers/STM32F2xx_HAL_Driver/Src/stm32f2xx_hal_spi.o
 .ARM.attributes
                0x000002b4       0x2d ./Drivers/STM32F2xx_HAL_Driver/Src/stm32f2xx_hal_tim.o
 .ARM.attributes
                0x000002e1       0x2d ./Drivers/STM32F2xx_HAL_Driver/Src/stm32f2xx_hal_tim_ex.o
 .ARM.attributes
                0x0000030e       0x2d C:/ST/STM32CubeIDE_1.13.2/STM32CubeIDE/plugins/com.st.stm32cube.ide.mcu.externaltools.gnu-tools-for-stm32.12.3.rel1.win32_1.0.100.202403111256/tools/bin/../lib/gcc/arm-none-eabi/12.3.1/../../../../arm-none-eabi/lib/thumb/v7-m/nofp\libc_nano.a(libc_a-exit.o)
 .ARM.attributes
                0x0000033b       0x2d C:/ST/STM32CubeIDE_1.13.2/STM32CubeIDE/plugins/com.st.stm32cube.ide.mcu.externaltools.gnu-tools-for-stm32.12.3.rel1.win32_1.0.100.202403111256/tools/bin/../lib/gcc/arm-none-eabi/12.3.1/../../../../arm-none-eabi/lib/thumb/v7-m/nofp\libc_nano.a(libc_a-findfp.o)
 .ARM.attributes
                0x00000368       0x2d C:/ST/STM32CubeIDE_1.13.2/STM32CubeIDE/plugins/com.st.stm32cube.ide.mcu.externaltools.gnu-tools-for-stm32.12.3.rel1.win32_1.0.100.202403111256/tools/bin/../lib/gcc/arm-none-eabi/12.3.1/../../../../arm-none-eabi/lib/thumb/v7-m/nofp\libc_nano.a(libc_a-fwalk.o)
 .ARM.attributes
                0x00000395       0x2d C:/ST/STM32CubeIDE_1.13.2/STM32CubeIDE/plugins/com.st.stm32cube.ide.mcu.externaltools.gnu-tools-for-stm32.12.3.rel1.win32_1.0.100.202403111256/tools/bin/../lib/gcc/arm-none-eabi/12.3.1/../../../../arm-none-eabi/lib/thumb/v7-m/nofp\libc_nano.a(libc_a-puts.o)
 .ARM.attributes
                0x000003c2       0x2d C:/ST/STM32CubeIDE_1.13.2/STM32CubeIDE/plugins/com.st.stm32cube.ide.mcu.externaltools.gnu-tools-for-stm32.12.3.rel1.win32_1.0.100.202403111256/tools/bin/../lib/gcc/arm-none-eabi/12.3.1/../../../../arm-none-eabi/lib/thumb/v7-m/nofp\libc_nano.a(libc_a-stdio.o)
 .ARM.attributes
                0x000003ef       0x2d C:/ST/STM32CubeIDE_1.13.2/STM32CubeIDE/plugins/com.st.stm32cube.ide.mcu.externaltools.gnu-tools-for-stm32.12.3.rel1.win32_1.0.100.202403111256/tools/bin/../lib/gcc/arm-none-eabi/12.3.1/../../../../arm-none-eabi/lib/thumb/v7-m/nofp\libc_nano.a(libc_a-wbuf.o)
 .ARM.attributes
                0x0000041c       0x2d C:/ST/STM32CubeIDE_1.13.2/STM32CubeIDE/plugins/com.st.stm32cube.ide.mcu.externaltools.gnu-tools-for-stm32.12.3.rel1.win32_1.0.100.202403111256/tools/bin/../lib/gcc/arm-none-eabi/12.3.1/../../../../arm-none-eabi/lib/thumb/v7-m/nofp\libc_nano.a(libc_a-wsetup.o)
 .ARM.attributes
                0x00000449       0x2d C:/ST/STM32CubeIDE_1.13.2/STM32CubeIDE/plugins/com.st.stm32cube.ide.mcu.externaltools.gnu-tools-for-stm32.12.3.rel1.win32_1.0.100.202403111256/tools/bin/../lib/gcc/arm-none-eabi/12.3.1/../../../../arm-none-eabi/lib/thumb/v7-m/nofp\libc_nano.a(libc_a-memset.o)
 .ARM.attributes
                0x00000476       0x2d C:/ST/STM32CubeIDE_1.13.2/STM32CubeIDE/plugins/com.st.stm32cube.ide.mcu.externaltools.gnu-tools-for-stm32.12.3.rel1.win32_1.0.100.202403111256/tools/bin/../lib/gcc/arm-none-eabi/12.3.1/../../../../arm-none-eabi/lib/thumb/v7-m/nofp\libc_nano.a(libc_a-closer.o)
 .ARM.attributes
                0x000004a3       0x2d C:/ST/STM32CubeIDE_1.13.2/STM32CubeIDE/plugins/com.st.stm32cube.ide.mcu.externaltools.gnu-tools-for-stm32.12.3.rel1.win32_1.0.100.202403111256/tools/bin/../lib/gcc/arm-none-eabi/12.3.1/../../../../arm-none-eabi/lib/thumb/v7-m/nofp\libc_nano.a(libc_a-reent.o)
 .ARM.attributes
                0x000004d0       0x2d C:/ST/STM32CubeIDE_1.13.2/STM32CubeIDE/plugins/com.st.stm32cube.ide.mcu.externaltools.gnu-tools-for-stm32.12.3.rel1.win32_1.0.100.202403111256/tools/bin/../lib/gcc/arm-none-eabi/12.3.1/../../../../arm-none-eabi/lib/thumb/v7-m/nofp\libc_nano.a(libc_a-impure.o)
 .ARM.attributes
                0x000004fd       0x2d C:/ST/STM32CubeIDE_1.13.2/STM32CubeIDE/plugins/com.st.stm32cube.ide.mcu.externaltools.gnu-tools-for-stm32.12.3.rel1.win32_1.0.100.202403111256/tools/bin/../lib/gcc/arm-none-eabi/12.3.1/../../../../arm-none-eabi/lib/thumb/v7-m/nofp\libc_nano.a(libc_a-lseekr.o)
 .ARM.attributes
                0x0000052a       0x2d C:/ST/STM32CubeIDE_1.13.2/STM32CubeIDE/plugins/com.st.stm32cube.ide.mcu.externaltools.gnu-tools-for-stm32.12.3.rel1.win32_1.0.100.202403111256/tools/bin/../lib/gcc/arm-none-eabi/12.3.1/../../../../arm-none-eabi/lib/thumb/v7-m/nofp\libc_nano.a(libc_a-readr.o)
 .ARM.attributes
                0x00000557       0x2d C:/ST/STM32CubeIDE_1.13.2/STM32CubeIDE/plugins/com.st.stm32cube.ide.mcu.externaltools.gnu-tools-for-stm32.12.3.rel1.win32_1.0.100.202403111256/tools/bin/../lib/gcc/arm-none-eabi/12.3.1/../../../../arm-none-eabi/lib/thumb/v7-m/nofp\libc_nano.a(libc_a-writer.o)
 .ARM.attributes
                0x00000584       0x2d C:/ST/STM32CubeIDE_1.13.2/STM32CubeIDE/plugins/com.st.stm32cube.ide.mcu.externaltools.gnu-tools-for-stm32.12.3.rel1.win32_1.0.100.202403111256/tools/bin/../lib/gcc/arm-none-eabi/12.3.1/../../../../arm-none-eabi/lib/thumb/v7-m/nofp\libc_nano.a(libc_a-errno.o)
 .ARM.attributes
                0x000005b1       0x2d C:/ST/STM32CubeIDE_1.13.2/STM32CubeIDE/plugins/com.st.stm32cube.ide.mcu.externaltools.gnu-tools-for-stm32.12.3.rel1.win32_1.0.100.202403111256/tools/bin/../lib/gcc/arm-none-eabi/12.3.1/../../../../arm-none-eabi/lib/thumb/v7-m/nofp\libc_nano.a(libc_a-init.o)
 .ARM.attributes
                0x000005de       0x2d C:/ST/STM32CubeIDE_1.13.2/STM32CubeIDE/plugins/com.st.stm32cube.ide.mcu.externaltools.gnu-tools-for-stm32.12.3.rel1.win32_1.0.100.202403111256/tools/bin/../lib/gcc/arm-none-eabi/12.3.1/../../../../arm-none-eabi/lib/thumb/v7-m/nofp\libc_nano.a(libc_a-lock.o)
 .ARM.attributes
                0x0000060b       0x2d C:/ST/STM32CubeIDE_1.13.2/STM32CubeIDE/plugins/com.st.stm32cube.ide.mcu.externaltools.gnu-tools-for-stm32.12.3.rel1.win32_1.0.100.202403111256/tools/bin/../lib/gcc/arm-none-eabi/12.3.1/../../../../arm-none-eabi/lib/thumb/v7-m/nofp\libc_nano.a(libc_a-freer.o)
 .ARM.attributes
                0x00000638       0x2d C:/ST/STM32CubeIDE_1.13.2/STM32CubeIDE/plugins/com.st.stm32cube.ide.mcu.externaltools.gnu-tools-for-stm32.12.3.rel1.win32_1.0.100.202403111256/tools/bin/../lib/gcc/arm-none-eabi/12.3.1/../../../../arm-none-eabi/lib/thumb/v7-m/nofp\libc_nano.a(libc_a-mallocr.o)
 .ARM.attributes
                0x00000665       0x2d C:/ST/STM32CubeIDE_1.13.2/STM32CubeIDE/plugins/com.st.stm32cube.ide.mcu.externaltools.gnu-tools-for-stm32.12.3.rel1.win32_1.0.100.202403111256/tools/bin/../lib/gcc/arm-none-eabi/12.3.1/../../../../arm-none-eabi/lib/thumb/v7-m/nofp\libc_nano.a(libc_a-mlock.o)
 .ARM.attributes
                0x00000692       0x2d C:/ST/STM32CubeIDE_1.13.2/STM32CubeIDE/plugins/com.st.stm32cube.ide.mcu.externaltools.gnu-tools-for-stm32.12.3.rel1.win32_1.0.100.202403111256/tools/bin/../lib/gcc/arm-none-eabi/12.3.1/../../../../arm-none-eabi/lib/thumb/v7-m/nofp\libc_nano.a(libc_a-fflush.o)
 .ARM.attributes
                0x000006bf       0x2d C:/ST/STM32CubeIDE_1.13.2/STM32CubeIDE/plugins/com.st.stm32cube.ide.mcu.externaltools.gnu-tools-for-stm32.12.3.rel1.win32_1.0.100.202403111256/tools/bin/../lib/gcc/arm-none-eabi/12.3.1/../../../../arm-none-eabi/lib/thumb/v7-m/nofp\libc_nano.a(libc_a-makebuf.o)
 .ARM.attributes
                0x000006ec       0x2d C:/ST/STM32CubeIDE_1.13.2/STM32CubeIDE/plugins/com.st.stm32cube.ide.mcu.externaltools.gnu-tools-for-stm32.12.3.rel1.win32_1.0.100.202403111256/tools/bin/../lib/gcc/arm-none-eabi/12.3.1/../../../../arm-none-eabi/lib/thumb/v7-m/nofp\libc_nano.a(libc_a-fstatr.o)
 .ARM.attributes
                0x00000719       0x2d C:/ST/STM32CubeIDE_1.13.2/STM32CubeIDE/plugins/com.st.stm32cube.ide.mcu.externaltools.gnu-tools-for-stm32.12.3.rel1.win32_1.0.100.202403111256/tools/bin/../lib/gcc/arm-none-eabi/12.3.1/../../../../arm-none-eabi/lib/thumb/v7-m/nofp\libc_nano.a(libc_a-isattyr.o)
 .ARM.attributes
                0x00000746       0x2d C:/ST/STM32CubeIDE_1.13.2/STM32CubeIDE/plugins/com.st.stm32cube.ide.mcu.externaltools.gnu-tools-for-stm32.12.3.rel1.win32_1.0.100.202403111256/tools/bin/../lib/gcc/arm-none-eabi/12.3.1/../../../../arm-none-eabi/lib/thumb/v7-m/nofp\libc_nano.a(libc_a-sbrkr.o)
 .ARM.attributes
                0x00000773       0x1d C:/ST/STM32CubeIDE_1.13.2/STM32CubeIDE/plugins/com.st.stm32cube.ide.mcu.externaltools.gnu-tools-for-stm32.12.3.rel1.win32_1.0.100.202403111256/tools/bin/../lib/gcc/arm-none-eabi/12.3.1/thumb/v7-m/nofp\libgcc.a(_arm_addsubdf3.o)
 .ARM.attributes
                0x00000790       0x1d C:/ST/STM32CubeIDE_1.13.2/STM32CubeIDE/plugins/com.st.stm32cube.ide.mcu.externaltools.gnu-tools-for-stm32.12.3.rel1.win32_1.0.100.202403111256/tools/bin/../lib/gcc/arm-none-eabi/12.3.1/thumb/v7-m/nofp\libgcc.a(_arm_muldivdf3.o)
 .ARM.attributes
                0x000007ad       0x1d C:/ST/STM32CubeIDE_1.13.2/STM32CubeIDE/plugins/com.st.stm32cube.ide.mcu.externaltools.gnu-tools-for-stm32.12.3.rel1.win32_1.0.100.202403111256/tools/bin/../lib/gcc/arm-none-eabi/12.3.1/thumb/v7-m/nofp\libgcc.a(_arm_cmpdf2.o)
 .ARM.attributes
                0x000007ca       0x1d C:/ST/STM32CubeIDE_1.13.2/STM32CubeIDE/plugins/com.st.stm32cube.ide.mcu.externaltools.gnu-tools-for-stm32.12.3.rel1.win32_1.0.100.202403111256/tools/bin/../lib/gcc/arm-none-eabi/12.3.1/thumb/v7-m/nofp\libgcc.a(_arm_truncdfsf2.o)
 .ARM.attributes
                0x000007e7       0x1d C:/ST/STM32CubeIDE_1.13.2/STM32CubeIDE/plugins/com.st.stm32cube.ide.mcu.externaltools.gnu-tools-for-stm32.12.3.rel1.win32_1.0.100.202403111256/tools/bin/../lib/gcc/arm-none-eabi/12.3.1/thumb/v7-m/nofp\libgcc.a(_aeabi_uldivmod.o)
 .ARM.attributes
                0x00000804       0x2d C:/ST/STM32CubeIDE_1.13.2/STM32CubeIDE/plugins/com.st.stm32cube.ide.mcu.externaltools.gnu-tools-for-stm32.12.3.rel1.win32_1.0.100.202403111256/tools/bin/../lib/gcc/arm-none-eabi/12.3.1/thumb/v7-m/nofp\libgcc.a(_udivmoddi4.o)
 .ARM.attributes
                0x00000831       0x1d C:/ST/STM32CubeIDE_1.13.2/STM32CubeIDE/plugins/com.st.stm32cube.ide.mcu.externaltools.gnu-tools-for-stm32.12.3.rel1.win32_1.0.100.202403111256/tools/bin/../lib/gcc/arm-none-eabi/12.3.1/thumb/v7-m/nofp\libgcc.a(_dvmd_tls.o)
 .ARM.attributes
                0x0000084e       0x1d C:/ST/STM32CubeIDE_1.13.2/STM32CubeIDE/plugins/com.st.stm32cube.ide.mcu.externaltools.gnu-tools-for-stm32.12.3.rel1.win32_1.0.100.202403111256/tools/bin/../lib/gcc/arm-none-eabi/12.3.1/thumb/v7-m/nofp/crtn.o
OUTPUT(MOSFET Control3.elf elf32-littlearm)
LOAD linker stubs
LOAD C:/ST/STM32CubeIDE_1.13.2/STM32CubeIDE/plugins/com.st.stm32cube.ide.mcu.externaltools.gnu-tools-for-stm32.12.3.rel1.win32_1.0.100.202403111256/tools/bin/../lib/gcc/arm-none-eabi/12.3.1/../../../../arm-none-eabi/lib/thumb/v7-m/nofp\libc.a
LOAD C:/ST/STM32CubeIDE_1.13.2/STM32CubeIDE/plugins/com.st.stm32cube.ide.mcu.externaltools.gnu-tools-for-stm32.12.3.rel1.win32_1.0.100.202403111256/tools/bin/../lib/gcc/arm-none-eabi/12.3.1/../../../../arm-none-eabi/lib/thumb/v7-m/nofp\libm.a
LOAD C:/ST/STM32CubeIDE_1.13.2/STM32CubeIDE/plugins/com.st.stm32cube.ide.mcu.externaltools.gnu-tools-for-stm32.12.3.rel1.win32_1.0.100.202403111256/tools/bin/../lib/gcc/arm-none-eabi/12.3.1/thumb/v7-m/nofp\libgcc.a

.debug_info     0x00000000     0xddc8
 .debug_info    0x00000000     0x1d27 ./Core/Src/main.o
 .debug_info    0x00001d27     0x166d ./Core/Src/stm32f2xx_hal_msp.o
 .debug_info    0x00003394      0x6f9 ./Core/Src/stm32f2xx_it.o
 .debug_info    0x00003a8d      0x6a3 ./Core/Src/syscalls.o
 .debug_info    0x00004130      0x168 ./Core/Src/sysmem.o
 .debug_info    0x00004298      0x31f ./Core/Src/system_stm32f2xx.o
 .debug_info    0x000045b7       0x30 ./Core/Startup/startup_stm32f205rbtx.o
 .debug_info    0x000045e7      0x9b1 ./Drivers/STM32F2xx_HAL_Driver/Src/stm32f2xx_hal.o
 .debug_info    0x00004f98      0xcd0 ./Drivers/STM32F2xx_HAL_Driver/Src/stm32f2xx_hal_adc.o
 .debug_info    0x00005c68      0xf21 ./Drivers/STM32F2xx_HAL_Driver/Src/stm32f2xx_hal_can.o
 .debug_info    0x00006b89      0xd34 ./Drivers/STM32F2xx_HAL_Driver/Src/stm32f2xx_hal_cortex.o
 .debug_info    0x000078bd      0x68e ./Drivers/STM32F2xx_HAL_Driver/Src/stm32f2xx_hal_gpio.o
 .debug_info    0x00007f4b      0xa39 ./Drivers/STM32F2xx_HAL_Driver/Src/stm32f2xx_hal_rcc.o
 .debug_info    0x00008984     0x15ec ./Drivers/STM32F2xx_HAL_Driver/Src/stm32f2xx_hal_spi.o
 .debug_info    0x00009f70     0x297d ./Drivers/STM32F2xx_HAL_Driver/Src/stm32f2xx_hal_tim.o
 .debug_info    0x0000c8ed     0x14db ./Drivers/STM32F2xx_HAL_Driver/Src/stm32f2xx_hal_tim_ex.o

.debug_abbrev   0x00000000     0x2234
 .debug_abbrev  0x00000000      0x3f1 ./Core/Src/main.o
 .debug_abbrev  0x000003f1      0x25f ./Core/Src/stm32f2xx_hal_msp.o
 .debug_abbrev  0x00000650      0x194 ./Core/Src/stm32f2xx_it.o
 .debug_abbrev  0x000007e4      0x1b6 ./Core/Src/syscalls.o
 .debug_abbrev  0x0000099a       0xbc ./Core/Src/sysmem.o
 .debug_abbrev  0x00000a56      0x11c ./Core/Src/system_stm32f2xx.o
 .debug_abbrev  0x00000b72       0x24 ./Core/Startup/startup_stm32f205rbtx.o
 .debug_abbrev  0x00000b96      0x286 ./Drivers/STM32F2xx_HAL_Driver/Src/stm32f2xx_hal.o
 .debug_abbrev  0x00000e1c      0x28b ./Drivers/STM32F2xx_HAL_Driver/Src/stm32f2xx_hal_adc.o
 .debug_abbrev  0x000010a7      0x22f ./Drivers/STM32F2xx_HAL_Driver/Src/stm32f2xx_hal_can.o
 .debug_abbrev  0x000012d6      0x327 ./Drivers/STM32F2xx_HAL_Driver/Src/stm32f2xx_hal_cortex.o
 .debug_abbrev  0x000015fd      0x1cb ./Drivers/STM32F2xx_HAL_Driver/Src/stm32f2xx_hal_gpio.o
 .debug_abbrev  0x000017c8      0x2d6 ./Drivers/STM32F2xx_HAL_Driver/Src/stm32f2xx_hal_rcc.o
 .debug_abbrev  0x00001a9e      0x284 ./Drivers/STM32F2xx_HAL_Driver/Src/stm32f2xx_hal_spi.o
 .debug_abbrev  0x00001d22      0x28f ./Drivers/STM32F2xx_HAL_Driver/Src/stm32f2xx_hal_tim.o
 .debug_abbrev  0x00001fb1      0x283 ./Drivers/STM32F2xx_HAL_Driver/Src/stm32f2xx_hal_tim_ex.o

.debug_aranges  0x00000000      0xec8
 .debug_aranges
                0x00000000       0xd0 ./Core/Src/main.o
 .debug_aranges
                0x000000d0       0x60 ./Core/Src/stm32f2xx_hal_msp.o
 .debug_aranges
                0x00000130       0x70 ./Core/Src/stm32f2xx_it.o
 .debug_aranges
                0x000001a0       0xa8 ./Core/Src/syscalls.o
 .debug_aranges
                0x00000248       0x20 ./Core/Src/sysmem.o
 .debug_aranges
                0x00000268       0x28 ./Core/Src/system_stm32f2xx.o
 .debug_aranges
                0x00000290       0x28 ./Core/Startup/startup_stm32f205rbtx.o
 .debug_aranges
                0x000002b8       0xf0 ./Drivers/STM32F2xx_HAL_Driver/Src/stm32f2xx_hal.o
 .debug_aranges
                0x000003a8       0xe8 ./Drivers/STM32F2xx_HAL_Driver/Src/stm32f2xx_hal_adc.o
 .debug_aranges
                0x00000490      0x138 ./Drivers/STM32F2xx_HAL_Driver/Src/stm32f2xx_hal_can.o
 .debug_aranges
                0x000005c8      0x118 ./Drivers/STM32F2xx_HAL_Driver/Src/stm32f2xx_hal_cortex.o
 .debug_aranges
                0x000006e0       0x58 ./Drivers/STM32F2xx_HAL_Driver/Src/stm32f2xx_hal_gpio.o
 .debug_aranges
                0x00000738       0x88 ./Drivers/STM32F2xx_HAL_Driver/Src/stm32f2xx_hal_rcc.o
 .debug_aranges
                0x000007c0      0x1d0 ./Drivers/STM32F2xx_HAL_Driver/Src/stm32f2xx_hal_spi.o
 .debug_aranges
                0x00000990      0x3d0 ./Drivers/STM32F2xx_HAL_Driver/Src/stm32f2xx_hal_tim.o
 .debug_aranges
                0x00000d60      0x168 ./Drivers/STM32F2xx_HAL_Driver/Src/stm32f2xx_hal_tim_ex.o

.debug_rnglists
                0x00000000      0xb7e
 .debug_rnglists
                0x00000000       0xb7 ./Core/Src/main.o
 .debug_rnglists
                0x000000b7       0x47 ./Core/Src/stm32f2xx_hal_msp.o
 .debug_rnglists
                0x000000fe       0x4f ./Core/Src/stm32f2xx_it.o
 .debug_rnglists
                0x0000014d       0x79 ./Core/Src/syscalls.o
 .debug_rnglists
                0x000001c6       0x13 ./Core/Src/sysmem.o
 .debug_rnglists
                0x000001d9       0x1a ./Core/Src/system_stm32f2xx.o
 .debug_rnglists
                0x000001f3       0x19 ./Core/Startup/startup_stm32f205rbtx.o
 .debug_rnglists
                0x0000020c       0xaf ./Drivers/STM32F2xx_HAL_Driver/Src/stm32f2xx_hal.o
 .debug_rnglists
                0x000002bb       0xb5 ./Drivers/STM32F2xx_HAL_Driver/Src/stm32f2xx_hal_adc.o
 .debug_rnglists
                0x00000370       0xee ./Drivers/STM32F2xx_HAL_Driver/Src/stm32f2xx_hal_can.o
 .debug_rnglists
                0x0000045e       0xce ./Drivers/STM32F2xx_HAL_Driver/Src/stm32f2xx_hal_cortex.o
 .debug_rnglists
                0x0000052c       0x3f ./Drivers/STM32F2xx_HAL_Driver/Src/stm32f2xx_hal_gpio.o
 .debug_rnglists
                0x0000056b       0x67 ./Drivers/STM32F2xx_HAL_Driver/Src/stm32f2xx_hal_rcc.o
 .debug_rnglists
                0x000005d2      0x16d ./Drivers/STM32F2xx_HAL_Driver/Src/stm32f2xx_hal_spi.o
 .debug_rnglists
                0x0000073f      0x31a ./Drivers/STM32F2xx_HAL_Driver/Src/stm32f2xx_hal_tim.o
 .debug_rnglists
                0x00000a59      0x125 ./Drivers/STM32F2xx_HAL_Driver/Src/stm32f2xx_hal_tim_ex.o

.debug_macro    0x00000000    0x1fa96
 .debug_macro   0x00000000      0x3b6 ./Core/Src/main.o
 .debug_macro   0x000003b6      0xaa8 ./Core/Src/main.o
 .debug_macro   0x00000e5e      0x24a ./Core/Src/main.o
 .debug_macro   0x000010a8       0x2e ./Core/Src/main.o
 .debug_macro   0x000010d6       0x22 ./Core/Src/main.o
 .debug_macro   0x000010f8       0x22 ./Core/Src/main.o
 .debug_macro   0x0000111a       0x8e ./Core/Src/main.o
 .debug_macro   0x000011a8       0x51 ./Core/Src/main.o
 .debug_macro   0x000011f9      0x103 ./Core/Src/main.o
 .debug_macro   0x000012fc       0x6a ./Core/Src/main.o
 .debug_macro   0x00001366      0x1df ./Core/Src/main.o
 .debug_macro   0x00001545       0x1c ./Core/Src/main.o
 .debug_macro   0x00001561       0x22 ./Core/Src/main.o
 .debug_macro   0x00001583       0xbd ./Core/Src/main.o
 .debug_macro   0x00001640      0xe49 ./Core/Src/main.o
 .debug_macro   0x00002489      0x11f ./Core/Src/main.o
 .debug_macro   0x000025a8    0x133fd ./Core/Src/main.o
 .debug_macro   0x000159a5       0x6d ./Core/Src/main.o
 .debug_macro   0x00015a12     0x35a5 ./Core/Src/main.o
 .debug_macro   0x00018fb7      0x189 ./Core/Src/main.o
 .debug_macro   0x00019140       0x55 ./Core/Src/main.o
 .debug_macro   0x00019195     0x1056 ./Core/Src/main.o
 .debug_macro   0x0001a1eb       0x4a ./Core/Src/main.o
 .debug_macro   0x0001a235      0x170 ./Core/Src/main.o
 .debug_macro   0x0001a3a5      0x115 ./Core/Src/main.o
 .debug_macro   0x0001a4ba       0xfa ./Core/Src/main.o
 .debug_macro   0x0001a5b4       0xa5 ./Core/Src/main.o
 .debug_macro   0x0001a659      0x16a ./Core/Src/main.o
 .debug_macro   0x0001a7c3      0x287 ./Core/Src/main.o
 .debug_macro   0x0001aa4a       0x5f ./Core/Src/main.o
 .debug_macro   0x0001aaa9      0x236 ./Core/Src/main.o
 .debug_macro   0x0001acdf      0x37c ./Core/Src/main.o
 .debug_macro   0x0001b05b      0x16f ./Core/Src/main.o
 .debug_macro   0x0001b1ca       0xf9 ./Core/Src/main.o
 .debug_macro   0x0001b2c3      0x40f ./Core/Src/main.o
 .debug_macro   0x0001b6d2      0x126 ./Core/Src/main.o
 .debug_macro   0x0001b7f8      0x216 ./Core/Src/main.o
 .debug_macro   0x0001ba0e       0x2e ./Core/Src/main.o
 .debug_macro   0x0001ba3c      0x113 ./Core/Src/main.o
 .debug_macro   0x0001bb4f       0x22 ./Core/Src/main.o
 .debug_macro   0x0001bb71       0x82 ./Core/Src/main.o
 .debug_macro   0x0001bbf3      0x225 ./Core/Src/main.o
 .debug_macro   0x0001be18      0x8ed ./Core/Src/main.o
 .debug_macro   0x0001c705       0x4c ./Core/Src/main.o
 .debug_macro   0x0001c751      0x12d ./Core/Src/main.o
 .debug_macro   0x0001c87e      0x10c ./Core/Src/main.o
 .debug_macro   0x0001c98a       0x22 ./Core/Src/main.o
 .debug_macro   0x0001c9ac       0x61 ./Core/Src/main.o
 .debug_macro   0x0001ca0d       0x24 ./Core/Src/main.o
 .debug_macro   0x0001ca31       0x43 ./Core/Src/main.o
 .debug_macro   0x0001ca74       0x34 ./Core/Src/main.o
 .debug_macro   0x0001caa8       0x16 ./Core/Src/main.o
 .debug_macro   0x0001cabe       0x35 ./Core/Src/main.o
 .debug_macro   0x0001caf3      0x369 ./Core/Src/main.o
 .debug_macro   0x0001ce5c       0x10 ./Core/Src/main.o
 .debug_macro   0x0001ce6c       0x16 ./Core/Src/main.o
 .debug_macro   0x0001ce82       0x43 ./Core/Src/main.o
 .debug_macro   0x0001cec5       0x34 ./Core/Src/main.o
 .debug_macro   0x0001cef9       0x10 ./Core/Src/main.o
 .debug_macro   0x0001cf09       0x58 ./Core/Src/main.o
 .debug_macro   0x0001cf61       0x8e ./Core/Src/main.o
 .debug_macro   0x0001cfef       0x1c ./Core/Src/main.o
 .debug_macro   0x0001d00b      0x177 ./Core/Src/main.o
 .debug_macro   0x0001d182       0x16 ./Core/Src/main.o
 .debug_macro   0x0001d198       0x16 ./Core/Src/main.o
 .debug_macro   0x0001d1ae      0x146 ./Core/Src/main.o
 .debug_macro   0x0001d2f4       0x16 ./Core/Src/main.o
 .debug_macro   0x0001d30a       0x16 ./Core/Src/main.o
 .debug_macro   0x0001d320       0x29 ./Core/Src/main.o
 .debug_macro   0x0001d349      0x1f9 ./Core/Src/stm32f2xx_hal_msp.o
 .debug_macro   0x0001d542      0x203 ./Core/Src/stm32f2xx_it.o
 .debug_macro   0x0001d745      0x274 ./Core/Src/syscalls.o
 .debug_macro   0x0001d9b9       0x5b ./Core/Src/syscalls.o
 .debug_macro   0x0001da14       0x94 ./Core/Src/syscalls.o
 .debug_macro   0x0001daa8       0x57 ./Core/Src/syscalls.o
 .debug_macro   0x0001daff       0x10 ./Core/Src/syscalls.o
 .debug_macro   0x0001db0f       0x10 ./Core/Src/syscalls.o
 .debug_macro   0x0001db1f       0x10 ./Core/Src/syscalls.o
 .debug_macro   0x0001db2f       0x10 ./Core/Src/syscalls.o
 .debug_macro   0x0001db3f       0x1c ./Core/Src/syscalls.o
 .debug_macro   0x0001db5b       0x52 ./Core/Src/syscalls.o
 .debug_macro   0x0001dbad       0x22 ./Core/Src/syscalls.o
 .debug_macro   0x0001dbcf       0x10 ./Core/Src/syscalls.o
 .debug_macro   0x0001dbdf       0x52 ./Core/Src/syscalls.o
 .debug_macro   0x0001dc31       0xcf ./Core/Src/syscalls.o
 .debug_macro   0x0001dd00       0x1c ./Core/Src/syscalls.o
 .debug_macro   0x0001dd1c       0x3d ./Core/Src/syscalls.o
 .debug_macro   0x0001dd59       0x35 ./Core/Src/syscalls.o
 .debug_macro   0x0001dd8e      0x12c ./Core/Src/syscalls.o
 .debug_macro   0x0001deba       0x10 ./Core/Src/syscalls.o
 .debug_macro   0x0001deca      0x242 ./Core/Src/syscalls.o
 .debug_macro   0x0001e10c       0x1c ./Core/Src/syscalls.o
 .debug_macro   0x0001e128       0x10 ./Core/Src/syscalls.o
 .debug_macro   0x0001e138      0x18a ./Core/Src/syscalls.o
 .debug_macro   0x0001e2c2       0x16 ./Core/Src/syscalls.o
 .debug_macro   0x0001e2d8       0xce ./Core/Src/syscalls.o
 .debug_macro   0x0001e3a6       0xff ./Core/Src/sysmem.o
 .debug_macro   0x0001e4a5      0x23c ./Core/Src/sysmem.o
 .debug_macro   0x0001e6e1      0x1ea ./Core/Src/system_stm32f2xx.o
 .debug_macro   0x0001e8cb      0x238 ./Drivers/STM32F2xx_HAL_Driver/Src/stm32f2xx_hal.o
 .debug_macro   0x0001eb03      0x1eb ./Drivers/STM32F2xx_HAL_Driver/Src/stm32f2xx_hal_adc.o
 .debug_macro   0x0001ecee      0x1f2 ./Drivers/STM32F2xx_HAL_Driver/Src/stm32f2xx_hal_can.o
 .debug_macro   0x0001eee0      0x1ea ./Drivers/STM32F2xx_HAL_Driver/Src/stm32f2xx_hal_cortex.o
 .debug_macro   0x0001f0ca      0x1f1 ./Drivers/STM32F2xx_HAL_Driver/Src/stm32f2xx_hal_gpio.o
 .debug_macro   0x0001f2bb      0x214 ./Drivers/STM32F2xx_HAL_Driver/Src/stm32f2xx_hal_rcc.o
 .debug_macro   0x0001f4cf      0x1f2 ./Drivers/STM32F2xx_HAL_Driver/Src/stm32f2xx_hal_spi.o
 .debug_macro   0x0001f6c1      0x1eb ./Drivers/STM32F2xx_HAL_Driver/Src/stm32f2xx_hal_tim.o
 .debug_macro   0x0001f8ac      0x1ea ./Drivers/STM32F2xx_HAL_Driver/Src/stm32f2xx_hal_tim_ex.o

.debug_line     0x00000000     0xfc94
 .debug_line    0x00000000      0xf1c ./Core/Src/main.o
 .debug_line    0x00000f1c      0x8b3 ./Core/Src/stm32f2xx_hal_msp.o
 .debug_line    0x000017cf      0x867 ./Core/Src/stm32f2xx_it.o
 .debug_line    0x00002036      0x8b2 ./Core/Src/syscalls.o
 .debug_line    0x000028e8      0x583 ./Core/Src/sysmem.o
 .debug_line    0x00002e6b      0x7f1 ./Core/Src/system_stm32f2xx.o
 .debug_line    0x0000365c       0x7a ./Core/Startup/startup_stm32f205rbtx.o
 .debug_line    0x000036d6      0xa8e ./Drivers/STM32F2xx_HAL_Driver/Src/stm32f2xx_hal.o
 .debug_line    0x00004164     0x11e8 ./Drivers/STM32F2xx_HAL_Driver/Src/stm32f2xx_hal_adc.o
 .debug_line    0x0000534c     0x120a ./Drivers/STM32F2xx_HAL_Driver/Src/stm32f2xx_hal_can.o
 .debug_line    0x00006556      0xd0f ./Drivers/STM32F2xx_HAL_Driver/Src/stm32f2xx_hal_cortex.o
 .debug_line    0x00007265      0xbf4 ./Drivers/STM32F2xx_HAL_Driver/Src/stm32f2xx_hal_gpio.o
 .debug_line    0x00007e59      0xf1d ./Drivers/STM32F2xx_HAL_Driver/Src/stm32f2xx_hal_rcc.o
 .debug_line    0x00008d76     0x1ccd ./Drivers/STM32F2xx_HAL_Driver/Src/stm32f2xx_hal_spi.o
 .debug_line    0x0000aa43     0x37eb ./Drivers/STM32F2xx_HAL_Driver/Src/stm32f2xx_hal_tim.o
 .debug_line    0x0000e22e     0x1a66 ./Drivers/STM32F2xx_HAL_Driver/Src/stm32f2xx_hal_tim_ex.o

.debug_str      0x00000000    0xc091c
 .debug_str     0x00000000    0xbb5b1 ./Core/Src/main.o
                              0xbb9c8 (size before relaxing)
 .debug_str     0x000bb5b1      0x5f6 ./Core/Src/stm32f2xx_hal_msp.o
                              0xb7f32 (size before relaxing)
 .debug_str     0x000bbba7       0xfc ./Core/Src/stm32f2xx_it.o
                              0xb7327 (size before relaxing)
 .debug_str     0x000bbca3     0x1fc7 ./Core/Src/syscalls.o
                               0x987b (size before relaxing)
 .debug_str     0x000bdc6a       0x6b ./Core/Src/sysmem.o
                               0x6093 (size before relaxing)
 .debug_str     0x000bdcd5       0x87 ./Core/Src/system_stm32f2xx.o
                              0xb6a43 (size before relaxing)
 .debug_str     0x000bdd5c       0x44 ./Core/Startup/startup_stm32f205rbtx.o
                                 0x9e (size before relaxing)
 .debug_str     0x000bdda0      0x548 ./Drivers/STM32F2xx_HAL_Driver/Src/stm32f2xx_hal.o
                              0xb756e (size before relaxing)
 .debug_str     0x000be2e8      0x27c ./Drivers/STM32F2xx_HAL_Driver/Src/stm32f2xx_hal_adc.o
                              0xb708a (size before relaxing)
 .debug_str     0x000be564      0x552 ./Drivers/STM32F2xx_HAL_Driver/Src/stm32f2xx_hal_can.o
                              0xb7183 (size before relaxing)
 .debug_str     0x000beab6      0x37a ./Drivers/STM32F2xx_HAL_Driver/Src/stm32f2xx_hal_cortex.o
                              0xb7333 (size before relaxing)
 .debug_str     0x000bee30       0xff ./Drivers/STM32F2xx_HAL_Driver/Src/stm32f2xx_hal_gpio.o
                              0xb6c01 (size before relaxing)
 .debug_str     0x000bef2f      0x25c ./Drivers/STM32F2xx_HAL_Driver/Src/stm32f2xx_hal_rcc.o
                              0xb6ef5 (size before relaxing)
 .debug_str     0x000bf18b      0x548 ./Drivers/STM32F2xx_HAL_Driver/Src/stm32f2xx_hal_spi.o
                              0xb7335 (size before relaxing)
 .debug_str     0x000bf6d3      0xdb6 ./Drivers/STM32F2xx_HAL_Driver/Src/stm32f2xx_hal_tim.o
                              0xb7e11 (size before relaxing)
 .debug_str     0x000c0489      0x493 ./Drivers/STM32F2xx_HAL_Driver/Src/stm32f2xx_hal_tim_ex.o
                              0xb762d (size before relaxing)

.comment        0x00000000       0x43
 .comment       0x00000000       0x43 ./Core/Src/main.o
                                 0x44 (size before relaxing)
 .comment       0x00000043       0x44 ./Core/Src/stm32f2xx_hal_msp.o
 .comment       0x00000043       0x44 ./Core/Src/stm32f2xx_it.o
 .comment       0x00000043       0x44 ./Core/Src/syscalls.o
 .comment       0x00000043       0x44 ./Core/Src/sysmem.o
 .comment       0x00000043       0x44 ./Core/Src/system_stm32f2xx.o
 .comment       0x00000043       0x44 ./Drivers/STM32F2xx_HAL_Driver/Src/stm32f2xx_hal.o
 .comment       0x00000043       0x44 ./Drivers/STM32F2xx_HAL_Driver/Src/stm32f2xx_hal_adc.o
 .comment       0x00000043       0x44 ./Drivers/STM32F2xx_HAL_Driver/Src/stm32f2xx_hal_can.o
 .comment       0x00000043       0x44 ./Drivers/STM32F2xx_HAL_Driver/Src/stm32f2xx_hal_cortex.o
 .comment       0x00000043       0x44 ./Drivers/STM32F2xx_HAL_Driver/Src/stm32f2xx_hal_gpio.o
 .comment       0x00000043       0x44 ./Drivers/STM32F2xx_HAL_Driver/Src/stm32f2xx_hal_rcc.o
 .comment       0x00000043       0x44 ./Drivers/STM32F2xx_HAL_Driver/Src/stm32f2xx_hal_spi.o
 .comment       0x00000043       0x44 ./Drivers/STM32F2xx_HAL_Driver/Src/stm32f2xx_hal_tim.o
 .comment       0x00000043       0x44 ./Drivers/STM32F2xx_HAL_Driver/Src/stm32f2xx_hal_tim_ex.o

.debug_frame    0x00000000     0x46fc
 .debug_frame   0x00000000      0x300 ./Core/Src/main.o
 .debug_frame   0x00000300      0x158 ./Core/Src/stm32f2xx_hal_msp.o
 .debug_frame   0x00000458      0x13c ./Core/Src/stm32f2xx_it.o
 .debug_frame   0x00000594      0x2ac ./Core/Src/syscalls.o
 .debug_frame   0x00000840       0x34 ./Core/Src/sysmem.o
 .debug_frame   0x00000874       0x58 ./Core/Src/system_stm32f2xx.o
 .debug_frame   0x000008cc      0x384 ./Drivers/STM32F2xx_HAL_Driver/Src/stm32f2xx_hal.o
 .debug_frame   0x00000c50      0x3fc ./Drivers/STM32F2xx_HAL_Driver/Src/stm32f2xx_hal_adc.o
 .debug_frame   0x0000104c      0x5a0 ./Drivers/STM32F2xx_HAL_Driver/Src/stm32f2xx_hal_can.o
 .debug_frame   0x000015ec      0x498 ./Drivers/STM32F2xx_HAL_Driver/Src/stm32f2xx_hal_cortex.o
 .debug_frame   0x00001a84      0x14c ./Drivers/STM32F2xx_HAL_Driver/Src/stm32f2xx_hal_gpio.o
 .debug_frame   0x00001bd0      0x208 ./Drivers/STM32F2xx_HAL_Driver/Src/stm32f2xx_hal_rcc.o
 .debug_frame   0x00001dd8      0x820 ./Drivers/STM32F2xx_HAL_Driver/Src/stm32f2xx_hal_spi.o
 .debug_frame   0x000025f8     0x11c4 ./Drivers/STM32F2xx_HAL_Driver/Src/stm32f2xx_hal_tim.o
 .debug_frame   0x000037bc      0x638 ./Drivers/STM32F2xx_HAL_Driver/Src/stm32f2xx_hal_tim_ex.o
 .debug_frame   0x00003df4       0x28 C:/ST/STM32CubeIDE_1.13.2/STM32CubeIDE/plugins/com.st.stm32cube.ide.mcu.externaltools.gnu-tools-for-stm32.12.3.rel1.win32_1.0.100.202403111256/tools/bin/../lib/gcc/arm-none-eabi/12.3.1/../../../../arm-none-eabi/lib/thumb/v7-m/nofp\libc_nano.a(libc_a-exit.o)
 .debug_frame   0x00003e1c      0x144 C:/ST/STM32CubeIDE_1.13.2/STM32CubeIDE/plugins/com.st.stm32cube.ide.mcu.externaltools.gnu-tools-for-stm32.12.3.rel1.win32_1.0.100.202403111256/tools/bin/../lib/gcc/arm-none-eabi/12.3.1/../../../../arm-none-eabi/lib/thumb/v7-m/nofp\libc_nano.a(libc_a-findfp.o)
 .debug_frame   0x00003f60       0x34 C:/ST/STM32CubeIDE_1.13.2/STM32CubeIDE/plugins/com.st.stm32cube.ide.mcu.externaltools.gnu-tools-for-stm32.12.3.rel1.win32_1.0.100.202403111256/tools/bin/../lib/gcc/arm-none-eabi/12.3.1/../../../../arm-none-eabi/lib/thumb/v7-m/nofp\libc_nano.a(libc_a-fwalk.o)
 .debug_frame   0x00003f94       0x3c C:/ST/STM32CubeIDE_1.13.2/STM32CubeIDE/plugins/com.st.stm32cube.ide.mcu.externaltools.gnu-tools-for-stm32.12.3.rel1.win32_1.0.100.202403111256/tools/bin/../lib/gcc/arm-none-eabi/12.3.1/../../../../arm-none-eabi/lib/thumb/v7-m/nofp\libc_nano.a(libc_a-puts.o)
 .debug_frame   0x00003fd0       0x88 C:/ST/STM32CubeIDE_1.13.2/STM32CubeIDE/plugins/com.st.stm32cube.ide.mcu.externaltools.gnu-tools-for-stm32.12.3.rel1.win32_1.0.100.202403111256/tools/bin/../lib/gcc/arm-none-eabi/12.3.1/../../../../arm-none-eabi/lib/thumb/v7-m/nofp\libc_nano.a(libc_a-stdio.o)
 .debug_frame   0x00004058       0x40 C:/ST/STM32CubeIDE_1.13.2/STM32CubeIDE/plugins/com.st.stm32cube.ide.mcu.externaltools.gnu-tools-for-stm32.12.3.rel1.win32_1.0.100.202403111256/tools/bin/../lib/gcc/arm-none-eabi/12.3.1/../../../../arm-none-eabi/lib/thumb/v7-m/nofp\libc_nano.a(libc_a-wbuf.o)
 .debug_frame   0x00004098       0x2c C:/ST/STM32CubeIDE_1.13.2/STM32CubeIDE/plugins/com.st.stm32cube.ide.mcu.externaltools.gnu-tools-for-stm32.12.3.rel1.win32_1.0.100.202403111256/tools/bin/../lib/gcc/arm-none-eabi/12.3.1/../../../../arm-none-eabi/lib/thumb/v7-m/nofp\libc_nano.a(libc_a-wsetup.o)
 .debug_frame   0x000040c4       0x20 C:/ST/STM32CubeIDE_1.13.2/STM32CubeIDE/plugins/com.st.stm32cube.ide.mcu.externaltools.gnu-tools-for-stm32.12.3.rel1.win32_1.0.100.202403111256/tools/bin/../lib/gcc/arm-none-eabi/12.3.1/../../../../arm-none-eabi/lib/thumb/v7-m/nofp\libc_nano.a(libc_a-memset.o)
 .debug_frame   0x000040e4       0x2c C:/ST/STM32CubeIDE_1.13.2/STM32CubeIDE/plugins/com.st.stm32cube.ide.mcu.externaltools.gnu-tools-for-stm32.12.3.rel1.win32_1.0.100.202403111256/tools/bin/../lib/gcc/arm-none-eabi/12.3.1/../../../../arm-none-eabi/lib/thumb/v7-m/nofp\libc_nano.a(libc_a-closer.o)
 .debug_frame   0x00004110       0x38 C:/ST/STM32CubeIDE_1.13.2/STM32CubeIDE/plugins/com.st.stm32cube.ide.mcu.externaltools.gnu-tools-for-stm32.12.3.rel1.win32_1.0.100.202403111256/tools/bin/../lib/gcc/arm-none-eabi/12.3.1/../../../../arm-none-eabi/lib/thumb/v7-m/nofp\libc_nano.a(libc_a-reent.o)
 .debug_frame   0x00004148       0x2c C:/ST/STM32CubeIDE_1.13.2/STM32CubeIDE/plugins/com.st.stm32cube.ide.mcu.externaltools.gnu-tools-for-stm32.12.3.rel1.win32_1.0.100.202403111256/tools/bin/../lib/gcc/arm-none-eabi/12.3.1/../../../../arm-none-eabi/lib/thumb/v7-m/nofp\libc_nano.a(libc_a-lseekr.o)
 .debug_frame   0x00004174       0x2c C:/ST/STM32CubeIDE_1.13.2/STM32CubeIDE/plugins/com.st.stm32cube.ide.mcu.externaltools.gnu-tools-for-stm32.12.3.rel1.win32_1.0.100.202403111256/tools/bin/../lib/gcc/arm-none-eabi/12.3.1/../../../../arm-none-eabi/lib/thumb/v7-m/nofp\libc_nano.a(libc_a-readr.o)
 .debug_frame   0x000041a0       0x2c C:/ST/STM32CubeIDE_1.13.2/STM32CubeIDE/plugins/com.st.stm32cube.ide.mcu.externaltools.gnu-tools-for-stm32.12.3.rel1.win32_1.0.100.202403111256/tools/bin/../lib/gcc/arm-none-eabi/12.3.1/../../../../arm-none-eabi/lib/thumb/v7-m/nofp\libc_nano.a(libc_a-writer.o)
 .debug_frame   0x000041cc       0x20 C:/ST/STM32CubeIDE_1.13.2/STM32CubeIDE/plugins/com.st.stm32cube.ide.mcu.externaltools.gnu-tools-for-stm32.12.3.rel1.win32_1.0.100.202403111256/tools/bin/../lib/gcc/arm-none-eabi/12.3.1/../../../../arm-none-eabi/lib/thumb/v7-m/nofp\libc_nano.a(libc_a-errno.o)
 .debug_frame   0x000041ec       0x2c C:/ST/STM32CubeIDE_1.13.2/STM32CubeIDE/plugins/com.st.stm32cube.ide.mcu.externaltools.gnu-tools-for-stm32.12.3.rel1.win32_1.0.100.202403111256/tools/bin/../lib/gcc/arm-none-eabi/12.3.1/../../../../arm-none-eabi/lib/thumb/v7-m/nofp\libc_nano.a(libc_a-init.o)
 .debug_frame   0x00004218       0xb0 C:/ST/STM32CubeIDE_1.13.2/STM32CubeIDE/plugins/com.st.stm32cube.ide.mcu.externaltools.gnu-tools-for-stm32.12.3.rel1.win32_1.0.100.202403111256/tools/bin/../lib/gcc/arm-none-eabi/12.3.1/../../../../arm-none-eabi/lib/thumb/v7-m/nofp\libc_nano.a(libc_a-lock.o)
 .debug_frame   0x000042c8       0x38 C:/ST/STM32CubeIDE_1.13.2/STM32CubeIDE/plugins/com.st.stm32cube.ide.mcu.externaltools.gnu-tools-for-stm32.12.3.rel1.win32_1.0.100.202403111256/tools/bin/../lib/gcc/arm-none-eabi/12.3.1/../../../../arm-none-eabi/lib/thumb/v7-m/nofp\libc_nano.a(libc_a-freer.o)
 .debug_frame   0x00004300       0x50 C:/ST/STM32CubeIDE_1.13.2/STM32CubeIDE/plugins/com.st.stm32cube.ide.mcu.externaltools.gnu-tools-for-stm32.12.3.rel1.win32_1.0.100.202403111256/tools/bin/../lib/gcc/arm-none-eabi/12.3.1/../../../../arm-none-eabi/lib/thumb/v7-m/nofp\libc_nano.a(libc_a-mallocr.o)
 .debug_frame   0x00004350       0x30 C:/ST/STM32CubeIDE_1.13.2/STM32CubeIDE/plugins/com.st.stm32cube.ide.mcu.externaltools.gnu-tools-for-stm32.12.3.rel1.win32_1.0.100.202403111256/tools/bin/../lib/gcc/arm-none-eabi/12.3.1/../../../../arm-none-eabi/lib/thumb/v7-m/nofp\libc_nano.a(libc_a-mlock.o)
 .debug_frame   0x00004380       0x5c C:/ST/STM32CubeIDE_1.13.2/STM32CubeIDE/plugins/com.st.stm32cube.ide.mcu.externaltools.gnu-tools-for-stm32.12.3.rel1.win32_1.0.100.202403111256/tools/bin/../lib/gcc/arm-none-eabi/12.3.1/../../../../arm-none-eabi/lib/thumb/v7-m/nofp\libc_nano.a(libc_a-fflush.o)
 .debug_frame   0x000043dc       0x58 C:/ST/STM32CubeIDE_1.13.2/STM32CubeIDE/plugins/com.st.stm32cube.ide.mcu.externaltools.gnu-tools-for-stm32.12.3.rel1.win32_1.0.100.202403111256/tools/bin/../lib/gcc/arm-none-eabi/12.3.1/../../../../arm-none-eabi/lib/thumb/v7-m/nofp\libc_nano.a(libc_a-makebuf.o)
 .debug_frame   0x00004434       0x2c C:/ST/STM32CubeIDE_1.13.2/STM32CubeIDE/plugins/com.st.stm32cube.ide.mcu.externaltools.gnu-tools-for-stm32.12.3.rel1.win32_1.0.100.202403111256/tools/bin/../lib/gcc/arm-none-eabi/12.3.1/../../../../arm-none-eabi/lib/thumb/v7-m/nofp\libc_nano.a(libc_a-fstatr.o)
 .debug_frame   0x00004460       0x2c C:/ST/STM32CubeIDE_1.13.2/STM32CubeIDE/plugins/com.st.stm32cube.ide.mcu.externaltools.gnu-tools-for-stm32.12.3.rel1.win32_1.0.100.202403111256/tools/bin/../lib/gcc/arm-none-eabi/12.3.1/../../../../arm-none-eabi/lib/thumb/v7-m/nofp\libc_nano.a(libc_a-isattyr.o)
 .debug_frame   0x0000448c       0x2c C:/ST/STM32CubeIDE_1.13.2/STM32CubeIDE/plugins/com.st.stm32cube.ide.mcu.externaltools.gnu-tools-for-stm32.12.3.rel1.win32_1.0.100.202403111256/tools/bin/../lib/gcc/arm-none-eabi/12.3.1/../../../../arm-none-eabi/lib/thumb/v7-m/nofp\libc_nano.a(libc_a-sbrkr.o)
 .debug_frame   0x000044b8       0xac C:/ST/STM32CubeIDE_1.13.2/STM32CubeIDE/plugins/com.st.stm32cube.ide.mcu.externaltools.gnu-tools-for-stm32.12.3.rel1.win32_1.0.100.202403111256/tools/bin/../lib/gcc/arm-none-eabi/12.3.1/thumb/v7-m/nofp\libgcc.a(_arm_addsubdf3.o)
 .debug_frame   0x00004564       0x50 C:/ST/STM32CubeIDE_1.13.2/STM32CubeIDE/plugins/com.st.stm32cube.ide.mcu.externaltools.gnu-tools-for-stm32.12.3.rel1.win32_1.0.100.202403111256/tools/bin/../lib/gcc/arm-none-eabi/12.3.1/thumb/v7-m/nofp\libgcc.a(_arm_muldivdf3.o)